[0.109s] Invoking command in '/root/build/slam_msgs': CMAKE_PREFIX_PATH=${CMAKE_PREFIX_PATH}:/root/install/orb_slam3_planner:/root/install/map_merger:/root/install/color_pose_corrector:/root/colcon_ws/install/orb_slam3_planner:/root/colcon_ws/install/map_merger:/root/colcon_ws/install/color_pose_corrector:/opt/ros/humble /usr/bin/cmake --build /root/build/slam_msgs -- -j12 -l12
[0.288s] [  1%] Built target slam_msgs__cpp
[0.395s] [  1%] Built target ament_cmake_python_copy_slam_msgs
[0.484s] [ 12%] Built target slam_msgs__rosidl_typesupport_introspection_cpp
[1.314s] running egg_info
[1.316s] writing slam_msgs.egg-info/PKG-INFO
[1.316s] writing dependency_links to slam_msgs.egg-info/dependency_links.txt
[1.317s] writing top-level names to slam_msgs.egg-info/top_level.txt
[1.329s] reading manifest file 'slam_msgs.egg-info/SOURCES.txt'
[1.330s] writing manifest file 'slam_msgs.egg-info/SOURCES.txt'
[1.431s] [ 12%] Built target ament_cmake_python_build_slam_msgs_egg
[1.529s] [ 24%] Built target slam_msgs__rosidl_typesupport_fastrtps_cpp
[1.628s] [ 35%] Built target slam_msgs__rosidl_typesupport_cpp
[1.707s] [ 47%] Built target slam_msgs__rosidl_generator_c
[1.800s] [ 58%] Built target slam_msgs__rosidl_typesupport_fastrtps_c
[1.880s] [ 70%] Built target slam_msgs__rosidl_typesupport_c
[1.971s] [ 82%] Built target slam_msgs__rosidl_typesupport_introspection_c
[2.043s] [ 82%] Built target slam_msgs
[2.119s] [ 83%] Built target slam_msgs__py
[2.210s] [ 93%] Built target slam_msgs__rosidl_generator_py
[2.290s] [ 95%] Built target slam_msgs__rosidl_typesupport_fastrtps_c__pyext
[2.372s] [ 97%] Built target slam_msgs__rosidl_typesupport_c__pyext
[2.451s] [100%] Built target slam_msgs__rosidl_typesupport_introspection_c__pyext
[2.497s] Invoked command in '/root/build/slam_msgs' returned '0': CMAKE_PREFIX_PATH=${CMAKE_PREFIX_PATH}:/root/install/orb_slam3_planner:/root/install/map_merger:/root/install/color_pose_corrector:/root/colcon_ws/install/orb_slam3_planner:/root/colcon_ws/install/map_merger:/root/colcon_ws/install/color_pose_corrector:/opt/ros/humble /usr/bin/cmake --build /root/build/slam_msgs -- -j12 -l12
[2.529s] Invoking command in '/root/build/slam_msgs': CMAKE_PREFIX_PATH=${CMAKE_PREFIX_PATH}:/root/install/orb_slam3_planner:/root/install/map_merger:/root/install/color_pose_corrector:/root/colcon_ws/install/orb_slam3_planner:/root/colcon_ws/install/map_merger:/root/colcon_ws/install/color_pose_corrector:/opt/ros/humble /usr/bin/cmake --install /root/build/slam_msgs
[2.554s] -- Install configuration: ""
[2.555s] -- Up-to-date: /root/install/slam_msgs/share/ament_index/resource_index/rosidl_interfaces/slam_msgs
[2.556s] -- Up-to-date: /root/install/slam_msgs/include/slam_msgs/slam_msgs
[2.557s] -- Up-to-date: /root/install/slam_msgs/include/slam_msgs/slam_msgs/msg
[2.557s] -- Up-to-date: /root/install/slam_msgs/include/slam_msgs/slam_msgs/msg/slam_info.h
[2.557s] -- Up-to-date: /root/install/slam_msgs/include/slam_msgs/slam_msgs/msg/detail
[2.557s] -- Up-to-date: /root/install/slam_msgs/include/slam_msgs/slam_msgs/msg/detail/map_graph__type_support.h
[2.558s] -- Up-to-date: /root/install/slam_msgs/include/slam_msgs/slam_msgs/msg/detail/slam_info__type_support.h
[2.558s] -- Up-to-date: /root/install/slam_msgs/include/slam_msgs/slam_msgs/msg/detail/key_frame__type_support.h
[2.558s] -- Up-to-date: /root/install/slam_msgs/include/slam_msgs/slam_msgs/msg/detail/map_point__type_support.h
[2.558s] -- Up-to-date: /root/install/slam_msgs/include/slam_msgs/slam_msgs/msg/detail/map_data__type_support.h
[2.559s] -- Up-to-date: /root/install/slam_msgs/include/slam_msgs/slam_msgs/msg/detail/map_point__struct.h
[2.560s] -- Up-to-date: /root/install/slam_msgs/include/slam_msgs/slam_msgs/msg/detail/map_data__struct.h
[2.560s] -- Up-to-date: /root/install/slam_msgs/include/slam_msgs/slam_msgs/msg/detail/slam_info__functions.c
[2.561s] -- Up-to-date: /root/install/slam_msgs/include/slam_msgs/slam_msgs/msg/detail/map_graph__functions.c
[2.561s] -- Up-to-date: /root/install/slam_msgs/include/slam_msgs/slam_msgs/msg/detail/map_graph__functions.h
[2.561s] -- Up-to-date: /root/install/slam_msgs/include/slam_msgs/slam_msgs/msg/detail/map_data__functions.c
[2.561s] -- Up-to-date: /root/install/slam_msgs/include/slam_msgs/slam_msgs/msg/detail/slam_info__struct.h
[2.562s] -- Up-to-date: /root/install/slam_msgs/include/slam_msgs/slam_msgs/msg/detail/key_frame__struct.h
[2.562s] -- Up-to-date: /root/install/slam_msgs/include/slam_msgs/slam_msgs/msg/detail/slam_info__functions.h
[2.562s] -- Up-to-date: /root/install/slam_msgs/include/slam_msgs/slam_msgs/msg/detail/key_frame__functions.c
[2.562s] -- Up-to-date: /root/install/slam_msgs/include/slam_msgs/slam_msgs/msg/detail/map_point__functions.h
[2.562s] -- Up-to-date: /root/install/slam_msgs/include/slam_msgs/slam_msgs/msg/detail/key_frame__functions.h
[2.562s] -- Up-to-date: /root/install/slam_msgs/include/slam_msgs/slam_msgs/msg/detail/map_graph__struct.h
[2.563s] -- Up-to-date: /root/install/slam_msgs/include/slam_msgs/slam_msgs/msg/detail/map_data__functions.h
[2.563s] -- Up-to-date: /root/install/slam_msgs/include/slam_msgs/slam_msgs/msg/detail/map_point__functions.c
[2.563s] -- Up-to-date: /root/install/slam_msgs/include/slam_msgs/slam_msgs/msg/map_graph.h
[2.563s] -- Up-to-date: /root/install/slam_msgs/include/slam_msgs/slam_msgs/msg/map_point.h
[2.564s] -- Up-to-date: /root/install/slam_msgs/include/slam_msgs/slam_msgs/msg/rosidl_generator_c__visibility_control.h
[2.564s] -- Up-to-date: /root/install/slam_msgs/include/slam_msgs/slam_msgs/msg/map_data.h
[2.564s] -- Up-to-date: /root/install/slam_msgs/include/slam_msgs/slam_msgs/msg/key_frame.h
[2.565s] -- Up-to-date: /root/install/slam_msgs/include/slam_msgs/slam_msgs/srv
[2.565s] -- Up-to-date: /root/install/slam_msgs/include/slam_msgs/slam_msgs/srv/get_all_landmarks_in_map.h
[2.565s] -- Up-to-date: /root/install/slam_msgs/include/slam_msgs/slam_msgs/srv/detail
[2.566s] -- Up-to-date: /root/install/slam_msgs/include/slam_msgs/slam_msgs/srv/detail/get_landmarks_in_view__struct.h
[2.566s] -- Up-to-date: /root/install/slam_msgs/include/slam_msgs/slam_msgs/srv/detail/get_all_landmarks_in_map__functions.c
[2.566s] -- Up-to-date: /root/install/slam_msgs/include/slam_msgs/slam_msgs/srv/detail/get_landmarks_in_view__type_support.h
[2.566s] -- Up-to-date: /root/install/slam_msgs/include/slam_msgs/slam_msgs/srv/detail/get_all_landmarks_in_map__functions.h
[2.566s] -- Up-to-date: /root/install/slam_msgs/include/slam_msgs/slam_msgs/srv/detail/get_global_point_cloud__functions.h
[2.566s] -- Up-to-date: /root/install/slam_msgs/include/slam_msgs/slam_msgs/srv/detail/get_landmarks_in_view__functions.c
[2.567s] -- Up-to-date: /root/install/slam_msgs/include/slam_msgs/slam_msgs/srv/detail/get_map__struct.h
[2.567s] -- Up-to-date: /root/install/slam_msgs/include/slam_msgs/slam_msgs/srv/detail/get_map__functions.c
[2.567s] -- Up-to-date: /root/install/slam_msgs/include/slam_msgs/slam_msgs/srv/detail/get_map__type_support.h
[2.567s] -- Up-to-date: /root/install/slam_msgs/include/slam_msgs/slam_msgs/srv/detail/get_all_landmarks_in_map__type_support.h
[2.567s] -- Up-to-date: /root/install/slam_msgs/include/slam_msgs/slam_msgs/srv/detail/get_map__functions.h
[2.568s] -- Up-to-date: /root/install/slam_msgs/include/slam_msgs/slam_msgs/srv/detail/get_landmarks_in_view__functions.h
[2.568s] -- Up-to-date: /root/install/slam_msgs/include/slam_msgs/slam_msgs/srv/detail/get_global_point_cloud__type_support.h
[2.568s] -- Up-to-date: /root/install/slam_msgs/include/slam_msgs/slam_msgs/srv/detail/get_all_landmarks_in_map__struct.h
[2.568s] -- Up-to-date: /root/install/slam_msgs/include/slam_msgs/slam_msgs/srv/detail/get_global_point_cloud__functions.c
[2.569s] -- Up-to-date: /root/install/slam_msgs/include/slam_msgs/slam_msgs/srv/detail/get_global_point_cloud__struct.h
[2.569s] -- Up-to-date: /root/install/slam_msgs/include/slam_msgs/slam_msgs/srv/get_global_point_cloud.h
[2.569s] -- Up-to-date: /root/install/slam_msgs/include/slam_msgs/slam_msgs/srv/get_map.h
[2.569s] -- Up-to-date: /root/install/slam_msgs/include/slam_msgs/slam_msgs/srv/get_landmarks_in_view.h
[2.570s] -- Up-to-date: /root/install/slam_msgs/share/slam_msgs/environment/library_path.sh
[2.570s] -- Up-to-date: /root/install/slam_msgs/share/slam_msgs/environment/library_path.dsv
[2.571s] -- Up-to-date: /root/install/slam_msgs/lib/libslam_msgs__rosidl_generator_c.so
[2.571s] -- Up-to-date: /root/install/slam_msgs/include/slam_msgs/slam_msgs
[2.571s] -- Up-to-date: /root/install/slam_msgs/include/slam_msgs/slam_msgs/msg
[2.571s] -- Up-to-date: /root/install/slam_msgs/include/slam_msgs/slam_msgs/msg/rosidl_typesupport_fastrtps_c__visibility_control.h
[2.571s] -- Up-to-date: /root/install/slam_msgs/include/slam_msgs/slam_msgs/msg/detail
[2.572s] -- Up-to-date: /root/install/slam_msgs/include/slam_msgs/slam_msgs/msg/detail/slam_info__rosidl_typesupport_fastrtps_c.h
[2.572s] -- Up-to-date: /root/install/slam_msgs/include/slam_msgs/slam_msgs/msg/detail/map_graph__rosidl_typesupport_fastrtps_c.h
[2.572s] -- Up-to-date: /root/install/slam_msgs/include/slam_msgs/slam_msgs/msg/detail/map_data__rosidl_typesupport_fastrtps_c.h
[2.572s] -- Up-to-date: /root/install/slam_msgs/include/slam_msgs/slam_msgs/msg/detail/key_frame__rosidl_typesupport_fastrtps_c.h
[2.574s] -- Up-to-date: /root/install/slam_msgs/include/slam_msgs/slam_msgs/msg/detail/map_point__rosidl_typesupport_fastrtps_c.h
[2.575s] -- Up-to-date: /root/install/slam_msgs/include/slam_msgs/slam_msgs/srv
[2.575s] -- Up-to-date: /root/install/slam_msgs/include/slam_msgs/slam_msgs/srv/detail
[2.576s] -- Up-to-date: /root/install/slam_msgs/include/slam_msgs/slam_msgs/srv/detail/get_map__rosidl_typesupport_fastrtps_c.h
[2.576s] -- Up-to-date: /root/install/slam_msgs/include/slam_msgs/slam_msgs/srv/detail/get_landmarks_in_view__rosidl_typesupport_fastrtps_c.h
[2.576s] -- Up-to-date: /root/install/slam_msgs/include/slam_msgs/slam_msgs/srv/detail/get_global_point_cloud__rosidl_typesupport_fastrtps_c.h
[2.577s] -- Up-to-date: /root/install/slam_msgs/include/slam_msgs/slam_msgs/srv/detail/get_all_landmarks_in_map__rosidl_typesupport_fastrtps_c.h
[2.577s] -- Up-to-date: /root/install/slam_msgs/lib/libslam_msgs__rosidl_typesupport_fastrtps_c.so
[2.577s] -- Up-to-date: /root/install/slam_msgs/include/slam_msgs/slam_msgs
[2.577s] -- Up-to-date: /root/install/slam_msgs/include/slam_msgs/slam_msgs/msg
[2.578s] -- Up-to-date: /root/install/slam_msgs/include/slam_msgs/slam_msgs/msg/detail
[2.578s] -- Up-to-date: /root/install/slam_msgs/include/slam_msgs/slam_msgs/msg/detail/slam_info__struct.hpp
[2.578s] -- Up-to-date: /root/install/slam_msgs/include/slam_msgs/slam_msgs/msg/detail/map_data__builder.hpp
[2.578s] -- Up-to-date: /root/install/slam_msgs/include/slam_msgs/slam_msgs/msg/detail/key_frame__type_support.hpp
[2.578s] -- Up-to-date: /root/install/slam_msgs/include/slam_msgs/slam_msgs/msg/detail/map_graph__builder.hpp
[2.578s] -- Up-to-date: /root/install/slam_msgs/include/slam_msgs/slam_msgs/msg/detail/map_point__builder.hpp
[2.578s] -- Up-to-date: /root/install/slam_msgs/include/slam_msgs/slam_msgs/msg/detail/slam_info__traits.hpp
[2.579s] -- Up-to-date: /root/install/slam_msgs/include/slam_msgs/slam_msgs/msg/detail/map_data__type_support.hpp
[2.579s] -- Up-to-date: /root/install/slam_msgs/include/slam_msgs/slam_msgs/msg/detail/slam_info__builder.hpp
[2.579s] -- Up-to-date: /root/install/slam_msgs/include/slam_msgs/slam_msgs/msg/detail/key_frame__traits.hpp
[2.579s] -- Up-to-date: /root/install/slam_msgs/include/slam_msgs/slam_msgs/msg/detail/map_graph__type_support.hpp
[2.580s] -- Up-to-date: /root/install/slam_msgs/include/slam_msgs/slam_msgs/msg/detail/map_data__struct.hpp
[2.580s] -- Up-to-date: /root/install/slam_msgs/include/slam_msgs/slam_msgs/msg/detail/map_point__traits.hpp
[2.580s] -- Up-to-date: /root/install/slam_msgs/include/slam_msgs/slam_msgs/msg/detail/map_point__type_support.hpp
[2.580s] -- Up-to-date: /root/install/slam_msgs/include/slam_msgs/slam_msgs/msg/detail/key_frame__struct.hpp
[2.581s] -- Up-to-date: /root/install/slam_msgs/include/slam_msgs/slam_msgs/msg/detail/map_graph__struct.hpp
[2.581s] -- Up-to-date: /root/install/slam_msgs/include/slam_msgs/slam_msgs/msg/detail/key_frame__builder.hpp
[2.581s] -- Up-to-date: /root/install/slam_msgs/include/slam_msgs/slam_msgs/msg/detail/map_data__traits.hpp
[2.581s] -- Up-to-date: /root/install/slam_msgs/include/slam_msgs/slam_msgs/msg/detail/map_graph__traits.hpp
[2.582s] -- Up-to-date: /root/install/slam_msgs/include/slam_msgs/slam_msgs/msg/detail/slam_info__type_support.hpp
[2.582s] -- Up-to-date: /root/install/slam_msgs/include/slam_msgs/slam_msgs/msg/detail/map_point__struct.hpp
[2.582s] -- Up-to-date: /root/install/slam_msgs/include/slam_msgs/slam_msgs/msg/map_point.hpp
[2.583s] -- Up-to-date: /root/install/slam_msgs/include/slam_msgs/slam_msgs/msg/map_data.hpp
[2.583s] -- Up-to-date: /root/install/slam_msgs/include/slam_msgs/slam_msgs/msg/map_graph.hpp
[2.583s] -- Up-to-date: /root/install/slam_msgs/include/slam_msgs/slam_msgs/msg/slam_info.hpp
[2.583s] -- Up-to-date: /root/install/slam_msgs/include/slam_msgs/slam_msgs/msg/key_frame.hpp
[2.583s] -- Up-to-date: /root/install/slam_msgs/include/slam_msgs/slam_msgs/msg/rosidl_generator_cpp__visibility_control.hpp
[2.584s] -- Up-to-date: /root/install/slam_msgs/include/slam_msgs/slam_msgs/srv
[2.584s] -- Up-to-date: /root/install/slam_msgs/include/slam_msgs/slam_msgs/srv/get_map.hpp
[2.585s] -- Up-to-date: /root/install/slam_msgs/include/slam_msgs/slam_msgs/srv/detail
[2.587s] -- Up-to-date: /root/install/slam_msgs/include/slam_msgs/slam_msgs/srv/detail/get_global_point_cloud__type_support.hpp
[2.587s] -- Up-to-date: /root/install/slam_msgs/include/slam_msgs/slam_msgs/srv/detail/get_global_point_cloud__builder.hpp
[2.588s] -- Up-to-date: /root/install/slam_msgs/include/slam_msgs/slam_msgs/srv/detail/get_all_landmarks_in_map__type_support.hpp
[2.588s] -- Up-to-date: /root/install/slam_msgs/include/slam_msgs/slam_msgs/srv/detail/get_landmarks_in_view__type_support.hpp
[2.588s] -- Up-to-date: /root/install/slam_msgs/include/slam_msgs/slam_msgs/srv/detail/get_global_point_cloud__struct.hpp
[2.589s] -- Up-to-date: /root/install/slam_msgs/include/slam_msgs/slam_msgs/srv/detail/get_all_landmarks_in_map__traits.hpp
[2.589s] -- Up-to-date: /root/install/slam_msgs/include/slam_msgs/slam_msgs/srv/detail/get_map__struct.hpp
[2.589s] -- Up-to-date: /root/install/slam_msgs/include/slam_msgs/slam_msgs/srv/detail/get_landmarks_in_view__builder.hpp
[2.589s] -- Up-to-date: /root/install/slam_msgs/include/slam_msgs/slam_msgs/srv/detail/get_map__traits.hpp
[2.590s] -- Up-to-date: /root/install/slam_msgs/include/slam_msgs/slam_msgs/srv/detail/get_map__builder.hpp
[2.590s] -- Up-to-date: /root/install/slam_msgs/include/slam_msgs/slam_msgs/srv/detail/get_all_landmarks_in_map__builder.hpp
[2.590s] -- Up-to-date: /root/install/slam_msgs/include/slam_msgs/slam_msgs/srv/detail/get_landmarks_in_view__struct.hpp
[2.590s] -- Up-to-date: /root/install/slam_msgs/include/slam_msgs/slam_msgs/srv/detail/get_global_point_cloud__traits.hpp
[2.591s] -- Up-to-date: /root/install/slam_msgs/include/slam_msgs/slam_msgs/srv/detail/get_landmarks_in_view__traits.hpp
[2.591s] -- Up-to-date: /root/install/slam_msgs/include/slam_msgs/slam_msgs/srv/detail/get_all_landmarks_in_map__struct.hpp
[2.591s] -- Up-to-date: /root/install/slam_msgs/include/slam_msgs/slam_msgs/srv/detail/get_map__type_support.hpp
[2.591s] -- Up-to-date: /root/install/slam_msgs/include/slam_msgs/slam_msgs/srv/get_all_landmarks_in_map.hpp
[2.591s] -- Up-to-date: /root/install/slam_msgs/include/slam_msgs/slam_msgs/srv/get_global_point_cloud.hpp
[2.591s] -- Up-to-date: /root/install/slam_msgs/include/slam_msgs/slam_msgs/srv/get_landmarks_in_view.hpp
[2.591s] -- Up-to-date: /root/install/slam_msgs/include/slam_msgs/slam_msgs
[2.592s] -- Up-to-date: /root/install/slam_msgs/include/slam_msgs/slam_msgs/msg
[2.592s] -- Up-to-date: /root/install/slam_msgs/include/slam_msgs/slam_msgs/msg/detail
[2.592s] -- Up-to-date: /root/install/slam_msgs/include/slam_msgs/slam_msgs/msg/detail/dds_fastrtps
[2.592s] -- Up-to-date: /root/install/slam_msgs/include/slam_msgs/slam_msgs/msg/detail/map_graph__rosidl_typesupport_fastrtps_cpp.hpp
[2.592s] -- Up-to-date: /root/install/slam_msgs/include/slam_msgs/slam_msgs/msg/detail/map_data__rosidl_typesupport_fastrtps_cpp.hpp
[2.592s] -- Up-to-date: /root/install/slam_msgs/include/slam_msgs/slam_msgs/msg/detail/map_point__rosidl_typesupport_fastrtps_cpp.hpp
[2.592s] -- Up-to-date: /root/install/slam_msgs/include/slam_msgs/slam_msgs/msg/detail/key_frame__rosidl_typesupport_fastrtps_cpp.hpp
[2.593s] -- Up-to-date: /root/install/slam_msgs/include/slam_msgs/slam_msgs/msg/detail/slam_info__rosidl_typesupport_fastrtps_cpp.hpp
[2.593s] -- Up-to-date: /root/install/slam_msgs/include/slam_msgs/slam_msgs/msg/rosidl_typesupport_fastrtps_cpp__visibility_control.h
[2.593s] -- Up-to-date: /root/install/slam_msgs/include/slam_msgs/slam_msgs/srv
[2.593s] -- Up-to-date: /root/install/slam_msgs/include/slam_msgs/slam_msgs/srv/detail
[2.593s] -- Up-to-date: /root/install/slam_msgs/include/slam_msgs/slam_msgs/srv/detail/dds_fastrtps
[2.593s] -- Up-to-date: /root/install/slam_msgs/include/slam_msgs/slam_msgs/srv/detail/get_global_point_cloud__rosidl_typesupport_fastrtps_cpp.hpp
[2.593s] -- Up-to-date: /root/install/slam_msgs/include/slam_msgs/slam_msgs/srv/detail/get_landmarks_in_view__rosidl_typesupport_fastrtps_cpp.hpp
[2.594s] -- Up-to-date: /root/install/slam_msgs/include/slam_msgs/slam_msgs/srv/detail/get_all_landmarks_in_map__rosidl_typesupport_fastrtps_cpp.hpp
[2.594s] -- Up-to-date: /root/install/slam_msgs/include/slam_msgs/slam_msgs/srv/detail/get_map__rosidl_typesupport_fastrtps_cpp.hpp
[2.594s] -- Up-to-date: /root/install/slam_msgs/lib/libslam_msgs__rosidl_typesupport_fastrtps_cpp.so
[2.594s] -- Up-to-date: /root/install/slam_msgs/include/slam_msgs/slam_msgs
[2.594s] -- Up-to-date: /root/install/slam_msgs/include/slam_msgs/slam_msgs/msg
[2.594s] -- Up-to-date: /root/install/slam_msgs/include/slam_msgs/slam_msgs/msg/detail
[2.594s] -- Up-to-date: /root/install/slam_msgs/include/slam_msgs/slam_msgs/msg/detail/map_data__type_support.c
[2.595s] -- Up-to-date: /root/install/slam_msgs/include/slam_msgs/slam_msgs/msg/detail/map_data__rosidl_typesupport_introspection_c.h
[2.595s] -- Up-to-date: /root/install/slam_msgs/include/slam_msgs/slam_msgs/msg/detail/slam_info__rosidl_typesupport_introspection_c.h
[2.595s] -- Up-to-date: /root/install/slam_msgs/include/slam_msgs/slam_msgs/msg/detail/map_point__type_support.c
[2.595s] -- Up-to-date: /root/install/slam_msgs/include/slam_msgs/slam_msgs/msg/detail/key_frame__type_support.c
[2.595s] -- Up-to-date: /root/install/slam_msgs/include/slam_msgs/slam_msgs/msg/detail/map_graph__rosidl_typesupport_introspection_c.h
[2.595s] -- Up-to-date: /root/install/slam_msgs/include/slam_msgs/slam_msgs/msg/detail/slam_info__type_support.c
[2.596s] -- Up-to-date: /root/install/slam_msgs/include/slam_msgs/slam_msgs/msg/detail/key_frame__rosidl_typesupport_introspection_c.h
[2.596s] -- Up-to-date: /root/install/slam_msgs/include/slam_msgs/slam_msgs/msg/detail/map_graph__type_support.c
[2.596s] -- Up-to-date: /root/install/slam_msgs/include/slam_msgs/slam_msgs/msg/detail/map_point__rosidl_typesupport_introspection_c.h
[2.596s] -- Up-to-date: /root/install/slam_msgs/include/slam_msgs/slam_msgs/msg/rosidl_typesupport_introspection_c__visibility_control.h
[2.596s] -- Up-to-date: /root/install/slam_msgs/include/slam_msgs/slam_msgs/srv
[2.596s] -- Up-to-date: /root/install/slam_msgs/include/slam_msgs/slam_msgs/srv/detail
[2.596s] -- Up-to-date: /root/install/slam_msgs/include/slam_msgs/slam_msgs/srv/detail/get_global_point_cloud__type_support.c
[2.596s] -- Up-to-date: /root/install/slam_msgs/include/slam_msgs/slam_msgs/srv/detail/get_all_landmarks_in_map__rosidl_typesupport_introspection_c.h
[2.596s] -- Up-to-date: /root/install/slam_msgs/include/slam_msgs/slam_msgs/srv/detail/get_map__type_support.c
[2.596s] -- Up-to-date: /root/install/slam_msgs/include/slam_msgs/slam_msgs/srv/detail/get_all_landmarks_in_map__type_support.c
[2.597s] -- Up-to-date: /root/install/slam_msgs/include/slam_msgs/slam_msgs/srv/detail/get_landmarks_in_view__rosidl_typesupport_introspection_c.h
[2.597s] -- Up-to-date: /root/install/slam_msgs/include/slam_msgs/slam_msgs/srv/detail/get_map__rosidl_typesupport_introspection_c.h
[2.597s] -- Up-to-date: /root/install/slam_msgs/include/slam_msgs/slam_msgs/srv/detail/get_global_point_cloud__rosidl_typesupport_introspection_c.h
[2.597s] -- Up-to-date: /root/install/slam_msgs/include/slam_msgs/slam_msgs/srv/detail/get_landmarks_in_view__type_support.c
[2.597s] -- Up-to-date: /root/install/slam_msgs/lib/libslam_msgs__rosidl_typesupport_introspection_c.so
[2.597s] -- Up-to-date: /root/install/slam_msgs/lib/libslam_msgs__rosidl_typesupport_c.so
[2.597s] -- Up-to-date: /root/install/slam_msgs/include/slam_msgs/slam_msgs
[2.597s] -- Up-to-date: /root/install/slam_msgs/include/slam_msgs/slam_msgs/msg
[2.597s] -- Up-to-date: /root/install/slam_msgs/include/slam_msgs/slam_msgs/msg/detail
[2.597s] -- Up-to-date: /root/install/slam_msgs/include/slam_msgs/slam_msgs/msg/detail/map_point__type_support.cpp
[2.597s] -- Up-to-date: /root/install/slam_msgs/include/slam_msgs/slam_msgs/msg/detail/slam_info__type_support.cpp
[2.598s] -- Up-to-date: /root/install/slam_msgs/include/slam_msgs/slam_msgs/msg/detail/map_data__rosidl_typesupport_introspection_cpp.hpp
[2.598s] -- Up-to-date: /root/install/slam_msgs/include/slam_msgs/slam_msgs/msg/detail/key_frame__type_support.cpp
[2.598s] -- Up-to-date: /root/install/slam_msgs/include/slam_msgs/slam_msgs/msg/detail/map_graph__type_support.cpp
[2.598s] -- Up-to-date: /root/install/slam_msgs/include/slam_msgs/slam_msgs/msg/detail/map_graph__rosidl_typesupport_introspection_cpp.hpp
[2.598s] -- Up-to-date: /root/install/slam_msgs/include/slam_msgs/slam_msgs/msg/detail/slam_info__rosidl_typesupport_introspection_cpp.hpp
[2.598s] -- Up-to-date: /root/install/slam_msgs/include/slam_msgs/slam_msgs/msg/detail/key_frame__rosidl_typesupport_introspection_cpp.hpp
[2.598s] -- Up-to-date: /root/install/slam_msgs/include/slam_msgs/slam_msgs/msg/detail/map_point__rosidl_typesupport_introspection_cpp.hpp
[2.599s] -- Up-to-date: /root/install/slam_msgs/include/slam_msgs/slam_msgs/msg/detail/map_data__type_support.cpp
[2.599s] -- Up-to-date: /root/install/slam_msgs/include/slam_msgs/slam_msgs/srv
[2.599s] -- Up-to-date: /root/install/slam_msgs/include/slam_msgs/slam_msgs/srv/detail
[2.599s] -- Up-to-date: /root/install/slam_msgs/include/slam_msgs/slam_msgs/srv/detail/get_map__type_support.cpp
[2.599s] -- Up-to-date: /root/install/slam_msgs/include/slam_msgs/slam_msgs/srv/detail/get_landmarks_in_view__type_support.cpp
[2.599s] -- Up-to-date: /root/install/slam_msgs/include/slam_msgs/slam_msgs/srv/detail/get_global_point_cloud__rosidl_typesupport_introspection_cpp.hpp
[2.599s] -- Up-to-date: /root/install/slam_msgs/include/slam_msgs/slam_msgs/srv/detail/get_all_landmarks_in_map__rosidl_typesupport_introspection_cpp.hpp
[2.599s] -- Up-to-date: /root/install/slam_msgs/include/slam_msgs/slam_msgs/srv/detail/get_all_landmarks_in_map__type_support.cpp
[2.599s] -- Up-to-date: /root/install/slam_msgs/include/slam_msgs/slam_msgs/srv/detail/get_global_point_cloud__type_support.cpp
[2.600s] -- Up-to-date: /root/install/slam_msgs/include/slam_msgs/slam_msgs/srv/detail/get_landmarks_in_view__rosidl_typesupport_introspection_cpp.hpp
[2.600s] -- Up-to-date: /root/install/slam_msgs/include/slam_msgs/slam_msgs/srv/detail/get_map__rosidl_typesupport_introspection_cpp.hpp
[2.600s] -- Up-to-date: /root/install/slam_msgs/lib/libslam_msgs__rosidl_typesupport_introspection_cpp.so
[2.600s] -- Up-to-date: /root/install/slam_msgs/lib/libslam_msgs__rosidl_typesupport_cpp.so
[2.600s] -- Up-to-date: /root/install/slam_msgs/share/slam_msgs/environment/pythonpath.sh
[2.600s] -- Up-to-date: /root/install/slam_msgs/share/slam_msgs/environment/pythonpath.dsv
[2.600s] -- Up-to-date: /root/install/slam_msgs/local/lib/python3.10/dist-packages/slam_msgs-1.0.0-py3.10.egg-info
[2.601s] -- Installing: /root/install/slam_msgs/local/lib/python3.10/dist-packages/slam_msgs-1.0.0-py3.10.egg-info/PKG-INFO
[2.601s] -- Installing: /root/install/slam_msgs/local/lib/python3.10/dist-packages/slam_msgs-1.0.0-py3.10.egg-info/dependency_links.txt
[2.601s] -- Installing: /root/install/slam_msgs/local/lib/python3.10/dist-packages/slam_msgs-1.0.0-py3.10.egg-info/top_level.txt
[2.602s] -- Installing: /root/install/slam_msgs/local/lib/python3.10/dist-packages/slam_msgs-1.0.0-py3.10.egg-info/SOURCES.txt
[2.602s] -- Up-to-date: /root/install/slam_msgs/local/lib/python3.10/dist-packages/slam_msgs
[2.602s] -- Up-to-date: /root/install/slam_msgs/local/lib/python3.10/dist-packages/slam_msgs/libslam_msgs__rosidl_generator_py.so
[2.602s] -- Up-to-date: /root/install/slam_msgs/local/lib/python3.10/dist-packages/slam_msgs/_slam_msgs_s.ep.rosidl_typesupport_fastrtps_c.c
[2.602s] -- Up-to-date: /root/install/slam_msgs/local/lib/python3.10/dist-packages/slam_msgs/msg
[2.603s] -- Up-to-date: /root/install/slam_msgs/local/lib/python3.10/dist-packages/slam_msgs/msg/_map_graph_s.c
[2.603s] -- Up-to-date: /root/install/slam_msgs/local/lib/python3.10/dist-packages/slam_msgs/msg/_slam_info.py
[2.603s] -- Up-to-date: /root/install/slam_msgs/local/lib/python3.10/dist-packages/slam_msgs/msg/_slam_info_s.c
[2.604s] -- Up-to-date: /root/install/slam_msgs/local/lib/python3.10/dist-packages/slam_msgs/msg/_map_point.py
[2.604s] -- Up-to-date: /root/install/slam_msgs/local/lib/python3.10/dist-packages/slam_msgs/msg/_map_data.py
[2.605s] -- Up-to-date: /root/install/slam_msgs/local/lib/python3.10/dist-packages/slam_msgs/msg/_map_point_s.c
[2.605s] -- Up-to-date: /root/install/slam_msgs/local/lib/python3.10/dist-packages/slam_msgs/msg/_map_data_s.c
[2.606s] -- Up-to-date: /root/install/slam_msgs/local/lib/python3.10/dist-packages/slam_msgs/msg/__init__.py
[2.606s] -- Up-to-date: /root/install/slam_msgs/local/lib/python3.10/dist-packages/slam_msgs/msg/_key_frame.py
[2.606s] -- Up-to-date: /root/install/slam_msgs/local/lib/python3.10/dist-packages/slam_msgs/msg/_map_graph.py
[2.606s] -- Up-to-date: /root/install/slam_msgs/local/lib/python3.10/dist-packages/slam_msgs/msg/_key_frame_s.c
[2.606s] -- Up-to-date: /root/install/slam_msgs/local/lib/python3.10/dist-packages/slam_msgs/_slam_msgs_s.ep.rosidl_typesupport_introspection_c.c
[2.607s] -- Up-to-date: /root/install/slam_msgs/local/lib/python3.10/dist-packages/slam_msgs/srv
[2.607s] -- Up-to-date: /root/install/slam_msgs/local/lib/python3.10/dist-packages/slam_msgs/srv/_get_all_landmarks_in_map.py
[2.607s] -- Up-to-date: /root/install/slam_msgs/local/lib/python3.10/dist-packages/slam_msgs/srv/_get_map_s.c
[2.607s] -- Up-to-date: /root/install/slam_msgs/local/lib/python3.10/dist-packages/slam_msgs/srv/_get_landmarks_in_view_s.c
[2.607s] -- Up-to-date: /root/install/slam_msgs/local/lib/python3.10/dist-packages/slam_msgs/srv/_get_map.py
[2.608s] -- Up-to-date: /root/install/slam_msgs/local/lib/python3.10/dist-packages/slam_msgs/srv/_get_all_landmarks_in_map_s.c
[2.608s] -- Up-to-date: /root/install/slam_msgs/local/lib/python3.10/dist-packages/slam_msgs/srv/_get_global_point_cloud.py
[2.608s] -- Up-to-date: /root/install/slam_msgs/local/lib/python3.10/dist-packages/slam_msgs/srv/__init__.py
[2.608s] -- Up-to-date: /root/install/slam_msgs/local/lib/python3.10/dist-packages/slam_msgs/srv/_get_global_point_cloud_s.c
[2.608s] -- Up-to-date: /root/install/slam_msgs/local/lib/python3.10/dist-packages/slam_msgs/srv/_get_landmarks_in_view.py
[2.609s] -- Up-to-date: /root/install/slam_msgs/local/lib/python3.10/dist-packages/slam_msgs/slam_msgs_s__rosidl_typesupport_c.cpython-310-x86_64-linux-gnu.so
[2.609s] -- Up-to-date: /root/install/slam_msgs/local/lib/python3.10/dist-packages/slam_msgs/_slam_msgs_s.ep.rosidl_typesupport_c.c
[2.609s] -- Up-to-date: /root/install/slam_msgs/local/lib/python3.10/dist-packages/slam_msgs/slam_msgs_s__rosidl_typesupport_introspection_c.cpython-310-x86_64-linux-gnu.so
[2.609s] -- Up-to-date: /root/install/slam_msgs/local/lib/python3.10/dist-packages/slam_msgs/__init__.py
[2.609s] -- Up-to-date: /root/install/slam_msgs/local/lib/python3.10/dist-packages/slam_msgs/slam_msgs_s__rosidl_typesupport_fastrtps_c.cpython-310-x86_64-linux-gnu.so
[2.710s] Listing '/root/install/slam_msgs/local/lib/python3.10/dist-packages/slam_msgs'...
[2.711s] Listing '/root/install/slam_msgs/local/lib/python3.10/dist-packages/slam_msgs/msg'...
[2.711s] Listing '/root/install/slam_msgs/local/lib/python3.10/dist-packages/slam_msgs/srv'...
[2.738s] -- Up-to-date: /root/install/slam_msgs/local/lib/python3.10/dist-packages/slam_msgs/slam_msgs_s__rosidl_typesupport_fastrtps_c.cpython-310-x86_64-linux-gnu.so
[2.740s] -- Up-to-date: /root/install/slam_msgs/local/lib/python3.10/dist-packages/slam_msgs/slam_msgs_s__rosidl_typesupport_introspection_c.cpython-310-x86_64-linux-gnu.so
[2.740s] -- Up-to-date: /root/install/slam_msgs/local/lib/python3.10/dist-packages/slam_msgs/slam_msgs_s__rosidl_typesupport_c.cpython-310-x86_64-linux-gnu.so
[2.741s] -- Up-to-date: /root/install/slam_msgs/lib/libslam_msgs__rosidl_generator_py.so
[2.741s] -- Up-to-date: /root/install/slam_msgs/share/slam_msgs/msg/MapGraph.idl
[2.742s] -- Up-to-date: /root/install/slam_msgs/share/slam_msgs/msg/MapData.idl
[2.743s] -- Up-to-date: /root/install/slam_msgs/share/slam_msgs/msg/KeyFrame.idl
[2.743s] -- Up-to-date: /root/install/slam_msgs/share/slam_msgs/msg/MapPoint.idl
[2.743s] -- Up-to-date: /root/install/slam_msgs/share/slam_msgs/msg/SlamInfo.idl
[2.744s] -- Up-to-date: /root/install/slam_msgs/share/slam_msgs/srv/GetMap.idl
[2.744s] -- Up-to-date: /root/install/slam_msgs/share/slam_msgs/srv/GetLandmarksInView.idl
[2.744s] -- Up-to-date: /root/install/slam_msgs/share/slam_msgs/srv/GetAllLandmarksInMap.idl
[2.744s] -- Up-to-date: /root/install/slam_msgs/share/slam_msgs/srv/GetGlobalPointCloud.idl
[2.745s] -- Up-to-date: /root/install/slam_msgs/share/slam_msgs/msg/MapGraph.msg
[2.745s] -- Up-to-date: /root/install/slam_msgs/share/slam_msgs/msg/MapData.msg
[2.745s] -- Up-to-date: /root/install/slam_msgs/share/slam_msgs/msg/KeyFrame.msg
[2.745s] -- Up-to-date: /root/install/slam_msgs/share/slam_msgs/msg/MapPoint.msg
[2.745s] -- Up-to-date: /root/install/slam_msgs/share/slam_msgs/msg/SlamInfo.msg
[2.745s] -- Up-to-date: /root/install/slam_msgs/share/slam_msgs/srv/GetMap.srv
[2.746s] -- Up-to-date: /root/install/slam_msgs/share/slam_msgs/srv/GetMap_Request.msg
[2.746s] -- Up-to-date: /root/install/slam_msgs/share/slam_msgs/srv/GetMap_Response.msg
[2.746s] -- Up-to-date: /root/install/slam_msgs/share/slam_msgs/srv/GetLandmarksInView.srv
[2.746s] -- Up-to-date: /root/install/slam_msgs/share/slam_msgs/srv/GetLandmarksInView_Request.msg
[2.746s] -- Up-to-date: /root/install/slam_msgs/share/slam_msgs/srv/GetLandmarksInView_Response.msg
[2.747s] -- Up-to-date: /root/install/slam_msgs/share/slam_msgs/srv/GetAllLandmarksInMap.srv
[2.747s] -- Up-to-date: /root/install/slam_msgs/share/slam_msgs/srv/GetAllLandmarksInMap_Request.msg
[2.747s] -- Up-to-date: /root/install/slam_msgs/share/slam_msgs/srv/GetAllLandmarksInMap_Response.msg
[2.747s] -- Up-to-date: /root/install/slam_msgs/share/slam_msgs/srv/GetGlobalPointCloud.srv
[2.747s] -- Up-to-date: /root/install/slam_msgs/share/slam_msgs/srv/GetGlobalPointCloud_Request.msg
[2.748s] -- Up-to-date: /root/install/slam_msgs/share/slam_msgs/srv/GetGlobalPointCloud_Response.msg
[2.748s] -- Up-to-date: /root/install/slam_msgs/share/ament_index/resource_index/package_run_dependencies/slam_msgs
[2.752s] -- Up-to-date: /root/install/slam_msgs/share/ament_index/resource_index/parent_prefix_path/slam_msgs
[2.753s] -- Up-to-date: /root/install/slam_msgs/share/slam_msgs/environment/ament_prefix_path.sh
[2.753s] -- Up-to-date: /root/install/slam_msgs/share/slam_msgs/environment/ament_prefix_path.dsv
[2.753s] -- Up-to-date: /root/install/slam_msgs/share/slam_msgs/environment/path.sh
[2.754s] -- Up-to-date: /root/install/slam_msgs/share/slam_msgs/environment/path.dsv
[2.754s] -- Up-to-date: /root/install/slam_msgs/share/slam_msgs/local_setup.bash
[2.754s] -- Up-to-date: /root/install/slam_msgs/share/slam_msgs/local_setup.sh
[2.754s] -- Up-to-date: /root/install/slam_msgs/share/slam_msgs/local_setup.zsh
[2.754s] -- Up-to-date: /root/install/slam_msgs/share/slam_msgs/local_setup.dsv
[2.755s] -- Installing: /root/install/slam_msgs/share/slam_msgs/package.dsv
[2.755s] -- Up-to-date: /root/install/slam_msgs/share/ament_index/resource_index/packages/slam_msgs
[2.755s] -- Up-to-date: /root/install/slam_msgs/share/slam_msgs/cmake/export_slam_msgs__rosidl_generator_cExport.cmake
[2.755s] -- Up-to-date: /root/install/slam_msgs/share/slam_msgs/cmake/export_slam_msgs__rosidl_generator_cExport-noconfig.cmake
[2.755s] -- Up-to-date: /root/install/slam_msgs/share/slam_msgs/cmake/export_slam_msgs__rosidl_typesupport_fastrtps_cExport.cmake
[2.756s] -- Up-to-date: /root/install/slam_msgs/share/slam_msgs/cmake/export_slam_msgs__rosidl_typesupport_fastrtps_cExport-noconfig.cmake
[2.756s] -- Up-to-date: /root/install/slam_msgs/share/slam_msgs/cmake/export_slam_msgs__rosidl_generator_cppExport.cmake
[2.756s] -- Up-to-date: /root/install/slam_msgs/share/slam_msgs/cmake/export_slam_msgs__rosidl_typesupport_fastrtps_cppExport.cmake
[2.756s] -- Up-to-date: /root/install/slam_msgs/share/slam_msgs/cmake/export_slam_msgs__rosidl_typesupport_fastrtps_cppExport-noconfig.cmake
[2.756s] -- Up-to-date: /root/install/slam_msgs/share/slam_msgs/cmake/slam_msgs__rosidl_typesupport_introspection_cExport.cmake
[2.756s] -- Up-to-date: /root/install/slam_msgs/share/slam_msgs/cmake/slam_msgs__rosidl_typesupport_introspection_cExport-noconfig.cmake
[2.757s] -- Up-to-date: /root/install/slam_msgs/share/slam_msgs/cmake/slam_msgs__rosidl_typesupport_cExport.cmake
[2.757s] -- Up-to-date: /root/install/slam_msgs/share/slam_msgs/cmake/slam_msgs__rosidl_typesupport_cExport-noconfig.cmake
[2.757s] -- Up-to-date: /root/install/slam_msgs/share/slam_msgs/cmake/slam_msgs__rosidl_typesupport_introspection_cppExport.cmake
[2.757s] -- Up-to-date: /root/install/slam_msgs/share/slam_msgs/cmake/slam_msgs__rosidl_typesupport_introspection_cppExport-noconfig.cmake
[2.757s] -- Up-to-date: /root/install/slam_msgs/share/slam_msgs/cmake/slam_msgs__rosidl_typesupport_cppExport.cmake
[2.758s] -- Up-to-date: /root/install/slam_msgs/share/slam_msgs/cmake/slam_msgs__rosidl_typesupport_cppExport-noconfig.cmake
[2.758s] -- Up-to-date: /root/install/slam_msgs/share/slam_msgs/cmake/export_slam_msgs__rosidl_generator_pyExport.cmake
[2.758s] -- Up-to-date: /root/install/slam_msgs/share/slam_msgs/cmake/export_slam_msgs__rosidl_generator_pyExport-noconfig.cmake
[2.758s] -- Up-to-date: /root/install/slam_msgs/share/slam_msgs/cmake/rosidl_cmake-extras.cmake
[2.758s] -- Up-to-date: /root/install/slam_msgs/share/slam_msgs/cmake/ament_cmake_export_dependencies-extras.cmake
[2.759s] -- Up-to-date: /root/install/slam_msgs/share/slam_msgs/cmake/ament_cmake_export_include_directories-extras.cmake
[2.759s] -- Up-to-date: /root/install/slam_msgs/share/slam_msgs/cmake/ament_cmake_export_libraries-extras.cmake
[2.760s] -- Up-to-date: /root/install/slam_msgs/share/slam_msgs/cmake/ament_cmake_export_targets-extras.cmake
[2.761s] -- Up-to-date: /root/install/slam_msgs/share/slam_msgs/cmake/rosidl_cmake_export_typesupport_targets-extras.cmake
[2.762s] -- Up-to-date: /root/install/slam_msgs/share/slam_msgs/cmake/rosidl_cmake_export_typesupport_libraries-extras.cmake
[2.763s] -- Up-to-date: /root/install/slam_msgs/share/slam_msgs/cmake/slam_msgsConfig.cmake
[2.763s] -- Up-to-date: /root/install/slam_msgs/share/slam_msgs/cmake/slam_msgsConfig-version.cmake
[2.763s] -- Up-to-date: /root/install/slam_msgs/share/slam_msgs/package.xml
[2.763s] Invoked command in '/root/build/slam_msgs' returned '0': CMAKE_PREFIX_PATH=${CMAKE_PREFIX_PATH}:/root/install/orb_slam3_planner:/root/install/map_merger:/root/install/color_pose_corrector:/root/colcon_ws/install/orb_slam3_planner:/root/colcon_ws/install/map_merger:/root/colcon_ws/install/color_pose_corrector:/opt/ros/humble /usr/bin/cmake --install /root/build/slam_msgs
