running egg_info
writing ../../../build/orb_slam3_planner/orb_slam3_planner.egg-info/PKG-INFO
writing dependency_links to ../../../build/orb_slam3_planner/orb_slam3_planner.egg-info/dependency_links.txt
writing entry points to ../../../build/orb_slam3_planner/orb_slam3_planner.egg-info/entry_points.txt
writing requirements to ../../../build/orb_slam3_planner/orb_slam3_planner.egg-info/requires.txt
writing top-level names to ../../../build/orb_slam3_planner/orb_slam3_planner.egg-info/top_level.txt
reading manifest file '../../../build/orb_slam3_planner/orb_slam3_planner.egg-info/SOURCES.txt'
writing manifest file '../../../build/orb_slam3_planner/orb_slam3_planner.egg-info/SOURCES.txt'
running build
running build_py
running install
running install_lib
running install_data
running install_egg_info
removing '/root/install/orb_slam3_planner/lib/python3.10/site-packages/orb_slam3_planner-0.0.1-py3.10.egg-info' (and everything under it)
Copying ../../../build/orb_slam3_planner/orb_slam3_planner.egg-info to /root/install/orb_slam3_planner/lib/python3.10/site-packages/orb_slam3_planner-0.0.1-py3.10.egg-info
running install_scripts
Installing autonomous_explorer_node script to /root/install/orb_slam3_planner/lib/orb_slam3_planner
Installing autonomous_explorer_visualizer script to /root/install/orb_slam3_planner/lib/orb_slam3_planner
Installing landmark_publisher_node script to /root/install/orb_slam3_planner/lib/orb_slam3_planner
writing list of installed files to '/root/build/orb_slam3_planner/install.log'
