[1.966s] Invoking command in '/root/colcon_ws/src/orb_slam3_planner': AMENT_PREFIX_PATH=/root/install/slam_msgs:${AMENT_PREFIX_PATH} CMAKE_PREFIX_PATH=/root/install/slam_msgs:${CMAKE_PREFIX_PATH} LD_LIBRARY_PATH=/root/install/slam_msgs/lib:${LD_LIBRARY_PATH} PYTHONPATH=/root/build/orb_slam3_planner/prefix_override:/usr/lib/python3/dist-packages/colcon_core/task/python/colcon_distutils_commands:/root/install/orb_slam3_planner/lib/python3.10/site-packages:/root/install/slam_msgs/local/lib/python3.10/dist-packages:${PYTHONPATH} /usr/bin/python3 -W ignore:setup.py install is deprecated -W ignore:easy_install command is deprecated setup.py egg_info --egg-base ../../../build/orb_slam3_planner build --build-base /root/build/orb_slam3_planner/build install --record /root/build/orb_slam3_planner/install.log --single-version-externally-managed install_data
[2.460s] running egg_info
[2.460s] writing ../../../build/orb_slam3_planner/orb_slam3_planner.egg-info/PKG-INFO
[2.466s] writing dependency_links to ../../../build/orb_slam3_planner/orb_slam3_planner.egg-info/dependency_links.txt
[2.466s] writing entry points to ../../../build/orb_slam3_planner/orb_slam3_planner.egg-info/entry_points.txt
[2.467s] writing requirements to ../../../build/orb_slam3_planner/orb_slam3_planner.egg-info/requires.txt
[2.467s] writing top-level names to ../../../build/orb_slam3_planner/orb_slam3_planner.egg-info/top_level.txt
[2.470s] reading manifest file '../../../build/orb_slam3_planner/orb_slam3_planner.egg-info/SOURCES.txt'
[2.473s] writing manifest file '../../../build/orb_slam3_planner/orb_slam3_planner.egg-info/SOURCES.txt'
[2.473s] running build
[2.474s] running build_py
[2.475s] running install
[2.476s] running install_lib
[2.480s] running install_data
[2.481s] running install_egg_info
[2.485s] removing '/root/install/orb_slam3_planner/lib/python3.10/site-packages/orb_slam3_planner-0.0.1-py3.10.egg-info' (and everything under it)
[2.485s] Copying ../../../build/orb_slam3_planner/orb_slam3_planner.egg-info to /root/install/orb_slam3_planner/lib/python3.10/site-packages/orb_slam3_planner-0.0.1-py3.10.egg-info
[2.487s] running install_scripts
[2.536s] Installing autonomous_explorer_node script to /root/install/orb_slam3_planner/lib/orb_slam3_planner
[2.537s] Installing autonomous_explorer_visualizer script to /root/install/orb_slam3_planner/lib/orb_slam3_planner
[2.538s] Installing landmark_publisher_node script to /root/install/orb_slam3_planner/lib/orb_slam3_planner
[2.539s] writing list of installed files to '/root/build/orb_slam3_planner/install.log'
[2.595s] Invoked command in '/root/colcon_ws/src/orb_slam3_planner' returned '0': AMENT_PREFIX_PATH=/root/install/slam_msgs:${AMENT_PREFIX_PATH} CMAKE_PREFIX_PATH=/root/install/slam_msgs:${CMAKE_PREFIX_PATH} LD_LIBRARY_PATH=/root/install/slam_msgs/lib:${LD_LIBRARY_PATH} PYTHONPATH=/root/build/orb_slam3_planner/prefix_override:/usr/lib/python3/dist-packages/colcon_core/task/python/colcon_distutils_commands:/root/install/orb_slam3_planner/lib/python3.10/site-packages:/root/install/slam_msgs/local/lib/python3.10/dist-packages:${PYTHONPATH} /usr/bin/python3 -W ignore:setup.py install is deprecated -W ignore:easy_install command is deprecated setup.py egg_info --egg-base ../../../build/orb_slam3_planner build --build-base /root/build/orb_slam3_planner/build install --record /root/build/orb_slam3_planner/install.log --single-version-externally-managed install_data
