[3.268s] Invoking command in '/root/colcon_ws/src/map_merger': CMAKE_PREFIX_PATH=/root/install/slam_msgs:/root/install/orb_slam3_ros2_wrapper:/root/install/orb_slam3_map_generator:/root/colcon_ws/install/orb_slam3_ros2_wrapper:/root/colcon_ws/install/orb_slam3_map_generator:/root/colcon_ws/install/slam_msgs PYTHONPATH=/root/build/map_merger/prefix_override:/usr/lib/python3/dist-packages/colcon_core/task/python/colcon_distutils_commands:/root/install/map_merger/lib/python3.10/site-packages:${PYTHONPATH} /usr/bin/python3 -W ignore:setup.py install is deprecated -W ignore:easy_install command is deprecated setup.py egg_info --egg-base ../../../build/map_merger build --build-base /root/build/map_merger/build install --record /root/build/map_merger/install.log --single-version-externally-managed install_data
[4.057s] running egg_info
[4.059s] writing ../../../build/map_merger/map_merger.egg-info/PKG-INFO
[4.060s] writing dependency_links to ../../../build/map_merger/map_merger.egg-info/dependency_links.txt
[4.060s] writing entry points to ../../../build/map_merger/map_merger.egg-info/entry_points.txt
[4.061s] writing requirements to ../../../build/map_merger/map_merger.egg-info/requires.txt
[4.061s] writing top-level names to ../../../build/map_merger/map_merger.egg-info/top_level.txt
[4.068s] reading manifest file '../../../build/map_merger/map_merger.egg-info/SOURCES.txt'
[4.071s] writing manifest file '../../../build/map_merger/map_merger.egg-info/SOURCES.txt'
[4.072s] running build
[4.072s] running build_py
[4.074s] running install
[4.076s] running install_lib
[4.080s] running install_data
[4.080s] running install_egg_info
[4.088s] removing '/root/install/map_merger/lib/python3.10/site-packages/map_merger-0.0.0-py3.10.egg-info' (and everything under it)
[4.089s] Copying ../../../build/map_merger/map_merger.egg-info to /root/install/map_merger/lib/python3.10/site-packages/map_merger-0.0.0-py3.10.egg-info
[4.091s] running install_scripts
[4.168s] Installing map_merger_node script to /root/install/map_merger/lib/map_merger
[4.169s] writing list of installed files to '/root/build/map_merger/install.log'
[4.309s] Invoked command in '/root/colcon_ws/src/map_merger' returned '0': CMAKE_PREFIX_PATH=/root/install/slam_msgs:/root/install/orb_slam3_ros2_wrapper:/root/install/orb_slam3_map_generator:/root/colcon_ws/install/orb_slam3_ros2_wrapper:/root/colcon_ws/install/orb_slam3_map_generator:/root/colcon_ws/install/slam_msgs PYTHONPATH=/root/build/map_merger/prefix_override:/usr/lib/python3/dist-packages/colcon_core/task/python/colcon_distutils_commands:/root/install/map_merger/lib/python3.10/site-packages:${PYTHONPATH} /usr/bin/python3 -W ignore:setup.py install is deprecated -W ignore:easy_install command is deprecated setup.py egg_info --egg-base ../../../build/map_merger build --build-base /root/build/map_merger/build install --record /root/build/map_merger/install.log --single-version-externally-managed install_data
