[0.925s] Invoking command in '/root/colcon_ws/src/orb_slam3_planner': AMENT_PREFIX_PATH=/root/install/slam_msgs:${AMENT_PREFIX_PATH} CMAKE_PREFIX_PATH=/root/install/slam_msgs:${CMAKE_PREFIX_PATH} LD_LIBRARY_PATH=/root/install/slam_msgs/lib:${LD_LIBRARY_PATH} PYTHONPATH=/root/build/orb_slam3_planner/prefix_override:/usr/lib/python3/dist-packages/colcon_core/task/python/colcon_distutils_commands:/root/install/orb_slam3_planner/lib/python3.10/site-packages:/root/install/slam_msgs/local/lib/python3.10/dist-packages:${PYTHONPATH} /usr/bin/python3 -W ignore:setup.py install is deprecated -W ignore:easy_install command is deprecated setup.py egg_info --egg-base ../../../build/orb_slam3_planner build --build-base /root/build/orb_slam3_planner/build install --record /root/build/orb_slam3_planner/install.log --single-version-externally-managed install_data
[1.169s] running egg_info
[1.170s] writing ../../../build/orb_slam3_planner/orb_slam3_planner.egg-info/PKG-INFO
[1.170s] writing dependency_links to ../../../build/orb_slam3_planner/orb_slam3_planner.egg-info/dependency_links.txt
[1.170s] writing entry points to ../../../build/orb_slam3_planner/orb_slam3_planner.egg-info/entry_points.txt
[1.170s] writing requirements to ../../../build/orb_slam3_planner/orb_slam3_planner.egg-info/requires.txt
[1.171s] writing top-level names to ../../../build/orb_slam3_planner/orb_slam3_planner.egg-info/top_level.txt
[1.172s] reading manifest file '../../../build/orb_slam3_planner/orb_slam3_planner.egg-info/SOURCES.txt'
[1.173s] writing manifest file '../../../build/orb_slam3_planner/orb_slam3_planner.egg-info/SOURCES.txt'
[1.173s] running build
[1.173s] running build_py
[1.174s] running install
[1.174s] running install_lib
[1.176s] byte-compiling /root/install/orb_slam3_planner/lib/python3.10/site-packages/orb_slam3_planner/autonomous_explorer_visualizer.py to autonomous_explorer_visualizer.cpython-310.pyc
[1.177s] byte-compiling /root/install/orb_slam3_planner/lib/python3.10/site-packages/orb_slam3_planner/map_builder_module.py to map_builder_module.cpython-310.pyc
[1.178s] byte-compiling /root/install/orb_slam3_planner/lib/python3.10/site-packages/orb_slam3_planner/drone_controller_module.py to drone_controller_module.cpython-310.pyc
[1.179s] byte-compiling /root/install/orb_slam3_planner/lib/python3.10/site-packages/orb_slam3_planner/planner_module.py to planner_module.cpython-310.pyc
[1.180s] byte-compiling /root/install/orb_slam3_planner/lib/python3.10/site-packages/orb_slam3_planner/main_node.py to main_node.cpython-310.pyc
[1.182s] byte-compiling /root/install/orb_slam3_planner/lib/python3.10/site-packages/orb_slam3_planner/__init__.py to __init__.cpython-310.pyc
[1.182s] byte-compiling /root/install/orb_slam3_planner/lib/python3.10/site-packages/orb_slam3_planner/landmark_publisher_node.py to landmark_publisher_node.cpython-310.pyc
[1.183s] running install_data
[1.183s] running install_egg_info
[1.185s] removing '/root/install/orb_slam3_planner/lib/python3.10/site-packages/orb_slam3_planner-0.0.1-py3.10.egg-info' (and everything under it)
[1.185s] Copying ../../../build/orb_slam3_planner/orb_slam3_planner.egg-info to /root/install/orb_slam3_planner/lib/python3.10/site-packages/orb_slam3_planner-0.0.1-py3.10.egg-info
[1.186s] running install_scripts
[1.208s] Installing autonomous_explorer_node script to /root/install/orb_slam3_planner/lib/orb_slam3_planner
[1.208s] Installing autonomous_explorer_visualizer script to /root/install/orb_slam3_planner/lib/orb_slam3_planner
[1.208s] Installing landmark_publisher_node script to /root/install/orb_slam3_planner/lib/orb_slam3_planner
[1.209s] writing list of installed files to '/root/build/orb_slam3_planner/install.log'
[1.234s] Invoked command in '/root/colcon_ws/src/orb_slam3_planner' returned '0': AMENT_PREFIX_PATH=/root/install/slam_msgs:${AMENT_PREFIX_PATH} CMAKE_PREFIX_PATH=/root/install/slam_msgs:${CMAKE_PREFIX_PATH} LD_LIBRARY_PATH=/root/install/slam_msgs/lib:${LD_LIBRARY_PATH} PYTHONPATH=/root/build/orb_slam3_planner/prefix_override:/usr/lib/python3/dist-packages/colcon_core/task/python/colcon_distutils_commands:/root/install/orb_slam3_planner/lib/python3.10/site-packages:/root/install/slam_msgs/local/lib/python3.10/dist-packages:${PYTHONPATH} /usr/bin/python3 -W ignore:setup.py install is deprecated -W ignore:easy_install command is deprecated setup.py egg_info --egg-base ../../../build/orb_slam3_planner build --build-base /root/build/orb_slam3_planner/build install --record /root/build/orb_slam3_planner/install.log --single-version-externally-managed install_data
