-- Found ament_cmake_auto: 1.3.11 (/opt/ros/humble/share/ament_cmake_auto/cmake)
-- Found rclcpp: 16.0.12 (/opt/ros/humble/share/rclcpp/cmake)
-- Found rosidl_generator_c: 3.1.6 (/opt/ros/humble/share/rosidl_generator_c/cmake)
-- Found rosidl_adapter: 3.1.6 (/opt/ros/humble/share/rosidl_adapter/cmake)
-- Found rosidl_generator_cpp: 3.1.6 (/opt/ros/humble/share/rosidl_generator_cpp/cmake)
-- Using all available rosidl_typesupport_c: rosidl_typesupport_fastrtps_c;rosidl_typesupport_introspection_c
-- Using all available rosidl_typesupport_cpp: rosidl_typesupport_fastrtps_cpp;rosidl_typesupport_introspection_cpp
-- Found rmw_implementation_cmake: 6.1.2 (/opt/ros/humble/share/rmw_implementation_cmake/cmake)
-- Found rmw_cyclonedds_cpp: 1.3.4 (/opt/ros/humble/share/rmw_cyclonedds_cpp/cmake)
-- Using RMW implementation 'rmw_cyclonedds_cpp' as default
-- Found sensor_msgs: 4.9.0 (/opt/ros/humble/share/sensor_msgs/cmake)
-- Found cv_bridge: 3.2.1 (/opt/ros/humble/share/cv_bridge/cmake)
-- Found message_filters: 4.3.7 (/opt/ros/humble/share/message_filters/cmake)
-- Found tf2_ros: 0.25.13 (/opt/ros/humble/share/tf2_ros/cmake)
-- Found tf2_eigen: 0.25.13 (/opt/ros/humble/share/tf2_eigen/cmake)
-- Found tf2_geometry_msgs: 0.25.13 (/opt/ros/humble/share/tf2_geometry_msgs/cmake)
-- Found eigen3_cmake_module: 0.1.1 (/opt/ros/humble/share/eigen3_cmake_module/cmake)
-- Ensuring Eigen3 include directory is part of orocos-kdl CMake target
-- Found slam_msgs: 1.0.0 (/root/install/slam_msgs/share/slam_msgs/cmake)
-- Found nav_msgs: 4.9.0 (/opt/ros/humble/share/nav_msgs/cmake)
-- Found std_srvs: 4.9.0 (/opt/ros/humble/share/std_srvs/cmake)
-- Found image_transport: 3.1.12 (/opt/ros/humble/share/image_transport/cmake)
-- Found tf2_sensor_msgs: 0.25.13 (/opt/ros/humble/share/tf2_sensor_msgs/cmake)
-- Found pcl_ros: 2.4.5 (/opt/ros/humble/share/pcl_ros/cmake)
-- Eigen found (include: /usr/include/eigen3, version: 3.4.0)
-- FLANN found (include: /usr/include, lib: /usr/lib/x86_64-linux-gnu/libflann_cpp.so)
-- OpenNI found (version: 1.5.4.0, include: /usr/include/ni, lib: /usr/lib/libOpenNI.so;libusb::libusb)
-- OpenNI2 found (version: 2.2.0.33, include: /usr/include/openni2, lib: /usr/lib/x86_64-linux-gnu/libOpenNI2.so;libusb::libusb)
-- Eigen found (include: /usr/include/eigen3, version: 3.4.0)
-- OpenNI found (version: 1.5.4.0, include: /usr/include/ni, lib: /usr/lib/libOpenNI.so;libusb::libusb)
-- OpenNI2 found (version: 2.2.0.33, include: /usr/include/openni2, lib: /usr/lib/x86_64-linux-gnu/libOpenNI2.so;libusb::libusb)
-- Found Qhull version 8.0.2
-- OpenNI found (version: 1.5.4.0, include: /usr/include/ni, lib: /usr/lib/libOpenNI.so;libusb::libusb)
-- Configuring done
-- Generating done
-- Build files have been written to: /root/build/orb_slam3_map_generator
[35m[1mConsolidate compiler generated dependencies of target depth_image_to_pcl[0m
[35m[1mConsolidate compiler generated dependencies of target pointcloud_stitcher[0m
[35m[1mConsolidate compiler generated dependencies of target get_landmarks_simulator[0m
[ 16%] [32mBuilding CXX object CMakeFiles/depth_image_to_pcl.dir/src/depth_image_to_pcl.cpp.o[0m
[ 33%] [32mBuilding CXX object CMakeFiles/get_landmarks_simulator.dir/src/get_landmarks_simulator.cpp.o[0m
[ 50%] [32mBuilding CXX object CMakeFiles/pointcloud_stitcher.dir/src/stitch_pcl.cpp.o[0m
[ 66%] [32m[1mLinking CXX executable get_landmarks_simulator[0m
[ 66%] Built target get_landmarks_simulator
[ 83%] [32m[1mLinking CXX executable pointcloud_stitcher[0m
[ 83%] Built target pointcloud_stitcher
[100%] [32m[1mLinking CXX executable depth_image_to_pcl[0m
[100%] Built target depth_image_to_pcl
-- Install configuration: "Release"
-- Installing: /root/install/orb_slam3_map_generator/lib/orb_slam3_map_generator/pointcloud_stitcher
-- Set runtime path of "/root/install/orb_slam3_map_generator/lib/orb_slam3_map_generator/pointcloud_stitcher" to ""
-- Installing: /root/install/orb_slam3_map_generator/lib/orb_slam3_map_generator/depth_image_to_pcl
-- Set runtime path of "/root/install/orb_slam3_map_generator/lib/orb_slam3_map_generator/depth_image_to_pcl" to ""
-- Installing: /root/install/orb_slam3_map_generator/lib/orb_slam3_map_generator/get_landmarks_simulator
-- Set runtime path of "/root/install/orb_slam3_map_generator/lib/orb_slam3_map_generator/get_landmarks_simulator" to ""
-- Up-to-date: /root/install/orb_slam3_map_generator/share/orb_slam3_map_generator/launch
-- Up-to-date: /root/install/orb_slam3_map_generator/share/orb_slam3_map_generator/launch/map_generator.launch.py
-- Up-to-date: /root/install/orb_slam3_map_generator/share/orb_slam3_map_generator/param
-- Up-to-date: /root/install/orb_slam3_map_generator/share/orb_slam3_map_generator/param/map_generator_params.yaml
-- Up-to-date: /root/install/orb_slam3_map_generator/share/ament_index/resource_index/package_run_dependencies/orb_slam3_map_generator
-- Installing: /root/install/orb_slam3_map_generator/share/ament_index/resource_index/parent_prefix_path/orb_slam3_map_generator
-- Installing: /root/install/orb_slam3_map_generator/share/orb_slam3_map_generator/environment/ament_prefix_path.sh
-- Installing: /root/install/orb_slam3_map_generator/share/orb_slam3_map_generator/environment/ament_prefix_path.dsv
-- Installing: /root/install/orb_slam3_map_generator/share/orb_slam3_map_generator/environment/path.sh
-- Installing: /root/install/orb_slam3_map_generator/share/orb_slam3_map_generator/environment/path.dsv
-- Up-to-date: /root/install/orb_slam3_map_generator/share/orb_slam3_map_generator/local_setup.bash
-- Up-to-date: /root/install/orb_slam3_map_generator/share/orb_slam3_map_generator/local_setup.sh
-- Up-to-date: /root/install/orb_slam3_map_generator/share/orb_slam3_map_generator/local_setup.zsh
-- Installing: /root/install/orb_slam3_map_generator/share/orb_slam3_map_generator/local_setup.dsv
-- Installing: /root/install/orb_slam3_map_generator/share/orb_slam3_map_generator/package.dsv
-- Up-to-date: /root/install/orb_slam3_map_generator/share/ament_index/resource_index/packages/orb_slam3_map_generator
-- Up-to-date: /root/install/orb_slam3_map_generator/share/orb_slam3_map_generator/cmake/orb_slam3_map_generatorConfig.cmake
-- Up-to-date: /root/install/orb_slam3_map_generator/share/orb_slam3_map_generator/cmake/orb_slam3_map_generatorConfig-version.cmake
-- Up-to-date: /root/install/orb_slam3_map_generator/share/orb_slam3_map_generator/package.xml
