[0.228s] DEBUG:colcon:Command line arguments: ['/usr/bin/colcon', 'build']
[0.228s] DEBUG:colcon:Parsed command line arguments: Namespace(log_base=None, log_level=None, verb_name='build', build_base='build', install_base='install', merge_install=False, symlink_install=False, test_result_base=None, continue_on_error=False, executor='parallel', parallel_workers=12, event_handlers=None, ignore_user_meta=False, metas=['./colcon.meta'], base_paths=['.'], packages_ignore=None, packages_ignore_regex=None, paths=None, packages_up_to=None, packages_up_to_regex=None, packages_above=None, packages_above_and_dependencies=None, packages_above_depth=None, packages_select_by_dep=None, packages_skip_by_dep=None, packages_skip_up_to=None, packages_select_build_failed=False, packages_skip_build_finished=False, packages_select_test_failures=False, packages_skip_test_passed=False, packages_select=None, packages_skip=None, packages_select_regex=None, packages_skip_regex=None, packages_start=None, packages_end=None, cmake_args=None, cmake_target=None, cmake_target_skip_unavailable=False, cmake_clean_cache=False, cmake_clean_first=False, cmake_force_configure=False, ament_cmake_args=None, catkin_cmake_args=None, catkin_skip_building_tests=False, mixin_files=None, mixin=None, verb_parser=<colcon_mixin.mixin.mixin_argument.MixinArgumentDecorator object at 0x708ccfa68ee0>, verb_extension=<colcon_core.verb.build.BuildVerb object at 0x708ccfa689d0>, main=<bound method BuildVerb.main of <colcon_core.verb.build.BuildVerb object at 0x708ccfa689d0>>, mixin_verb=('build',))
[0.569s] Level 1:colcon.colcon_core.package_discovery:discover_packages(colcon_meta) check parameters
[0.569s] Level 1:colcon.colcon_core.package_discovery:discover_packages(recursive) check parameters
[0.569s] Level 1:colcon.colcon_core.package_discovery:discover_packages(ignore) check parameters
[0.569s] Level 1:colcon.colcon_core.package_discovery:discover_packages(path) check parameters
[0.570s] Level 1:colcon.colcon_core.package_discovery:discover_packages(colcon_meta) discover
[0.570s] Level 1:colcon.colcon_core.package_discovery:discover_packages(recursive) discover
[0.570s] INFO:colcon.colcon_core.package_discovery:Crawling recursively for packages in '/root'
[0.570s] Level 1:colcon.colcon_core.package_identification:_identify(.) by extensions ['ignore', 'ignore_ament_install']
[0.570s] Level 1:colcon.colcon_core.package_identification:_identify(.) by extension 'ignore'
[0.570s] Level 1:colcon.colcon_core.package_identification:_identify(.) by extension 'ignore_ament_install'
[0.570s] Level 1:colcon.colcon_core.package_identification:_identify(.) by extensions ['colcon_pkg']
[0.570s] Level 1:colcon.colcon_core.package_identification:_identify(.) by extension 'colcon_pkg'
[0.570s] Level 1:colcon.colcon_core.package_identification:_identify(.) by extensions ['colcon_meta']
[0.571s] Level 1:colcon.colcon_core.package_identification:_identify(.) by extension 'colcon_meta'
[0.571s] Level 1:colcon.colcon_core.package_identification:_identify(.) by extensions ['ros']
[0.571s] Level 1:colcon.colcon_core.package_identification:_identify(.) by extension 'ros'
[0.595s] Level 1:colcon.colcon_core.package_identification:_identify(.) by extensions ['cmake', 'python']
[0.595s] Level 1:colcon.colcon_core.package_identification:_identify(.) by extension 'cmake'
[0.595s] Level 1:colcon.colcon_core.package_identification:_identify(.) by extension 'python'
[0.595s] Level 1:colcon.colcon_core.package_identification:_identify(.) by extensions ['python_setup_py']
[0.595s] Level 1:colcon.colcon_core.package_identification:_identify(.) by extension 'python_setup_py'
[0.595s] Level 1:colcon.colcon_core.package_identification:_identify(build) by extensions ['ignore', 'ignore_ament_install']
[0.595s] Level 1:colcon.colcon_core.package_identification:_identify(build) by extension 'ignore'
[0.595s] Level 1:colcon.colcon_core.package_identification:_identify(build) ignored
[0.596s] Level 1:colcon.colcon_core.package_identification:_identify(colcon_ws) by extensions ['ignore', 'ignore_ament_install']
[0.596s] Level 1:colcon.colcon_core.package_identification:_identify(colcon_ws) by extension 'ignore'
[0.596s] Level 1:colcon.colcon_core.package_identification:_identify(colcon_ws) by extension 'ignore_ament_install'
[0.596s] Level 1:colcon.colcon_core.package_identification:_identify(colcon_ws) by extensions ['colcon_pkg']
[0.596s] Level 1:colcon.colcon_core.package_identification:_identify(colcon_ws) by extension 'colcon_pkg'
[0.596s] Level 1:colcon.colcon_core.package_identification:_identify(colcon_ws) by extensions ['colcon_meta']
[0.596s] Level 1:colcon.colcon_core.package_identification:_identify(colcon_ws) by extension 'colcon_meta'
[0.596s] Level 1:colcon.colcon_core.package_identification:_identify(colcon_ws) by extensions ['ros']
[0.596s] Level 1:colcon.colcon_core.package_identification:_identify(colcon_ws) by extension 'ros'
[0.596s] Level 1:colcon.colcon_core.package_identification:_identify(colcon_ws) by extensions ['cmake', 'python']
[0.596s] Level 1:colcon.colcon_core.package_identification:_identify(colcon_ws) by extension 'cmake'
[0.596s] Level 1:colcon.colcon_core.package_identification:_identify(colcon_ws) by extension 'python'
[0.596s] Level 1:colcon.colcon_core.package_identification:_identify(colcon_ws) by extensions ['python_setup_py']
[0.596s] Level 1:colcon.colcon_core.package_identification:_identify(colcon_ws) by extension 'python_setup_py'
[0.596s] Level 1:colcon.colcon_core.package_identification:_identify(colcon_ws/build) by extensions ['ignore', 'ignore_ament_install']
[0.597s] Level 1:colcon.colcon_core.package_identification:_identify(colcon_ws/build) by extension 'ignore'
[0.597s] Level 1:colcon.colcon_core.package_identification:_identify(colcon_ws/build) ignored
[0.597s] Level 1:colcon.colcon_core.package_identification:_identify(colcon_ws/install) by extensions ['ignore', 'ignore_ament_install']
[0.597s] Level 1:colcon.colcon_core.package_identification:_identify(colcon_ws/install) by extension 'ignore'
[0.597s] Level 1:colcon.colcon_core.package_identification:_identify(colcon_ws/install) ignored
[0.597s] Level 1:colcon.colcon_core.package_identification:_identify(colcon_ws/log) by extensions ['ignore', 'ignore_ament_install']
[0.597s] Level 1:colcon.colcon_core.package_identification:_identify(colcon_ws/log) by extension 'ignore'
[0.598s] Level 1:colcon.colcon_core.package_identification:_identify(colcon_ws/log) ignored
[0.598s] Level 1:colcon.colcon_core.package_identification:_identify(colcon_ws/src) by extensions ['ignore', 'ignore_ament_install']
[0.598s] Level 1:colcon.colcon_core.package_identification:_identify(colcon_ws/src) by extension 'ignore'
[0.598s] Level 1:colcon.colcon_core.package_identification:_identify(colcon_ws/src) by extension 'ignore_ament_install'
[0.598s] Level 1:colcon.colcon_core.package_identification:_identify(colcon_ws/src) by extensions ['colcon_pkg']
[0.598s] Level 1:colcon.colcon_core.package_identification:_identify(colcon_ws/src) by extension 'colcon_pkg'
[0.598s] Level 1:colcon.colcon_core.package_identification:_identify(colcon_ws/src) by extensions ['colcon_meta']
[0.598s] Level 1:colcon.colcon_core.package_identification:_identify(colcon_ws/src) by extension 'colcon_meta'
[0.598s] Level 1:colcon.colcon_core.package_identification:_identify(colcon_ws/src) by extensions ['ros']
[0.598s] Level 1:colcon.colcon_core.package_identification:_identify(colcon_ws/src) by extension 'ros'
[0.599s] Level 1:colcon.colcon_core.package_identification:_identify(colcon_ws/src) by extensions ['cmake', 'python']
[0.599s] Level 1:colcon.colcon_core.package_identification:_identify(colcon_ws/src) by extension 'cmake'
[0.599s] Level 1:colcon.colcon_core.package_identification:_identify(colcon_ws/src) by extension 'python'
[0.599s] Level 1:colcon.colcon_core.package_identification:_identify(colcon_ws/src) by extensions ['python_setup_py']
[0.599s] Level 1:colcon.colcon_core.package_identification:_identify(colcon_ws/src) by extension 'python_setup_py'
[0.599s] Level 1:colcon.colcon_core.package_identification:_identify(colcon_ws/src/color_pose_corrector) by extensions ['ignore', 'ignore_ament_install']
[0.599s] Level 1:colcon.colcon_core.package_identification:_identify(colcon_ws/src/color_pose_corrector) by extension 'ignore'
[0.599s] Level 1:colcon.colcon_core.package_identification:_identify(colcon_ws/src/color_pose_corrector) by extension 'ignore_ament_install'
[0.599s] Level 1:colcon.colcon_core.package_identification:_identify(colcon_ws/src/color_pose_corrector) by extensions ['colcon_pkg']
[0.600s] Level 1:colcon.colcon_core.package_identification:_identify(colcon_ws/src/color_pose_corrector) by extension 'colcon_pkg'
[0.600s] Level 1:colcon.colcon_core.package_identification:_identify(colcon_ws/src/color_pose_corrector) by extensions ['colcon_meta']
[0.600s] Level 1:colcon.colcon_core.package_identification:_identify(colcon_ws/src/color_pose_corrector) by extension 'colcon_meta'
[0.600s] Level 1:colcon.colcon_core.package_identification:_identify(colcon_ws/src/color_pose_corrector) by extensions ['ros']
[0.600s] Level 1:colcon.colcon_core.package_identification:_identify(colcon_ws/src/color_pose_corrector) by extension 'ros'
[0.604s] DEBUG:colcon.colcon_core.package_identification:Package 'colcon_ws/src/color_pose_corrector' with type 'ros.ament_python' and name 'color_pose_corrector'
[0.605s] Level 1:colcon.colcon_core.package_identification:_identify(colcon_ws/src/install) by extensions ['ignore', 'ignore_ament_install']
[0.605s] Level 1:colcon.colcon_core.package_identification:_identify(colcon_ws/src/install) by extension 'ignore'
[0.605s] Level 1:colcon.colcon_core.package_identification:_identify(colcon_ws/src/install) ignored
[0.605s] Level 1:colcon.colcon_core.package_identification:_identify(colcon_ws/src/log) by extensions ['ignore', 'ignore_ament_install']
[0.605s] Level 1:colcon.colcon_core.package_identification:_identify(colcon_ws/src/log) by extension 'ignore'
[0.605s] Level 1:colcon.colcon_core.package_identification:_identify(colcon_ws/src/log) ignored
[0.606s] Level 1:colcon.colcon_core.package_identification:_identify(colcon_ws/src/map_merger) by extensions ['ignore', 'ignore_ament_install']
[0.606s] Level 1:colcon.colcon_core.package_identification:_identify(colcon_ws/src/map_merger) by extension 'ignore'
[0.606s] Level 1:colcon.colcon_core.package_identification:_identify(colcon_ws/src/map_merger) by extension 'ignore_ament_install'
[0.606s] Level 1:colcon.colcon_core.package_identification:_identify(colcon_ws/src/map_merger) by extensions ['colcon_pkg']
[0.606s] Level 1:colcon.colcon_core.package_identification:_identify(colcon_ws/src/map_merger) by extension 'colcon_pkg'
[0.606s] Level 1:colcon.colcon_core.package_identification:_identify(colcon_ws/src/map_merger) by extensions ['colcon_meta']
[0.606s] Level 1:colcon.colcon_core.package_identification:_identify(colcon_ws/src/map_merger) by extension 'colcon_meta'
[0.606s] Level 1:colcon.colcon_core.package_identification:_identify(colcon_ws/src/map_merger) by extensions ['ros']
[0.606s] Level 1:colcon.colcon_core.package_identification:_identify(colcon_ws/src/map_merger) by extension 'ros'
[0.609s] DEBUG:colcon.colcon_core.package_identification:Package 'colcon_ws/src/map_merger' with type 'ros.ament_python' and name 'map_merger'
[0.609s] Level 1:colcon.colcon_core.package_identification:_identify(colcon_ws/src/orb_slam3_map_generator) by extensions ['ignore', 'ignore_ament_install']
[0.610s] Level 1:colcon.colcon_core.package_identification:_identify(colcon_ws/src/orb_slam3_map_generator) by extension 'ignore'
[0.610s] Level 1:colcon.colcon_core.package_identification:_identify(colcon_ws/src/orb_slam3_map_generator) by extension 'ignore_ament_install'
[0.610s] Level 1:colcon.colcon_core.package_identification:_identify(colcon_ws/src/orb_slam3_map_generator) by extensions ['colcon_pkg']
[0.610s] Level 1:colcon.colcon_core.package_identification:_identify(colcon_ws/src/orb_slam3_map_generator) by extension 'colcon_pkg'
[0.610s] Level 1:colcon.colcon_core.package_identification:_identify(colcon_ws/src/orb_slam3_map_generator) by extensions ['colcon_meta']
[0.610s] Level 1:colcon.colcon_core.package_identification:_identify(colcon_ws/src/orb_slam3_map_generator) by extension 'colcon_meta'
[0.610s] Level 1:colcon.colcon_core.package_identification:_identify(colcon_ws/src/orb_slam3_map_generator) by extensions ['ros']
[0.610s] Level 1:colcon.colcon_core.package_identification:_identify(colcon_ws/src/orb_slam3_map_generator) by extension 'ros'
[0.613s] DEBUG:colcon.colcon_core.package_identification:Package 'colcon_ws/src/orb_slam3_map_generator' with type 'ros.ament_cmake' and name 'orb_slam3_map_generator'
[0.613s] Level 1:colcon.colcon_core.package_identification:_identify(colcon_ws/src/orb_slam3_planner) by extensions ['ignore', 'ignore_ament_install']
[0.613s] Level 1:colcon.colcon_core.package_identification:_identify(colcon_ws/src/orb_slam3_planner) by extension 'ignore'
[0.614s] Level 1:colcon.colcon_core.package_identification:_identify(colcon_ws/src/orb_slam3_planner) by extension 'ignore_ament_install'
[0.614s] Level 1:colcon.colcon_core.package_identification:_identify(colcon_ws/src/orb_slam3_planner) by extensions ['colcon_pkg']
[0.614s] Level 1:colcon.colcon_core.package_identification:_identify(colcon_ws/src/orb_slam3_planner) by extension 'colcon_pkg'
[0.614s] Level 1:colcon.colcon_core.package_identification:_identify(colcon_ws/src/orb_slam3_planner) by extensions ['colcon_meta']
[0.614s] Level 1:colcon.colcon_core.package_identification:_identify(colcon_ws/src/orb_slam3_planner) by extension 'colcon_meta'
[0.614s] Level 1:colcon.colcon_core.package_identification:_identify(colcon_ws/src/orb_slam3_planner) by extensions ['ros']
[0.614s] Level 1:colcon.colcon_core.package_identification:_identify(colcon_ws/src/orb_slam3_planner) by extension 'ros'
[0.615s] DEBUG:colcon.colcon_core.package_identification:Package 'colcon_ws/src/orb_slam3_planner' with type 'ros.ament_python' and name 'orb_slam3_planner'
[0.615s] Level 1:colcon.colcon_core.package_identification:_identify(colcon_ws/src/orb_slam3_ros2_wrapper) by extensions ['ignore', 'ignore_ament_install']
[0.615s] Level 1:colcon.colcon_core.package_identification:_identify(colcon_ws/src/orb_slam3_ros2_wrapper) by extension 'ignore'
[0.616s] Level 1:colcon.colcon_core.package_identification:_identify(colcon_ws/src/orb_slam3_ros2_wrapper) by extension 'ignore_ament_install'
[0.616s] Level 1:colcon.colcon_core.package_identification:_identify(colcon_ws/src/orb_slam3_ros2_wrapper) by extensions ['colcon_pkg']
[0.616s] Level 1:colcon.colcon_core.package_identification:_identify(colcon_ws/src/orb_slam3_ros2_wrapper) by extension 'colcon_pkg'
[0.616s] Level 1:colcon.colcon_core.package_identification:_identify(colcon_ws/src/orb_slam3_ros2_wrapper) by extensions ['colcon_meta']
[0.616s] Level 1:colcon.colcon_core.package_identification:_identify(colcon_ws/src/orb_slam3_ros2_wrapper) by extension 'colcon_meta'
[0.616s] Level 1:colcon.colcon_core.package_identification:_identify(colcon_ws/src/orb_slam3_ros2_wrapper) by extensions ['ros']
[0.616s] Level 1:colcon.colcon_core.package_identification:_identify(colcon_ws/src/orb_slam3_ros2_wrapper) by extension 'ros'
[0.618s] DEBUG:colcon.colcon_core.package_identification:Package 'colcon_ws/src/orb_slam3_ros2_wrapper' with type 'ros.ament_cmake' and name 'orb_slam3_ros2_wrapper'
[0.618s] Level 1:colcon.colcon_core.package_identification:_identify(colcon_ws/src/slam_msgs) by extensions ['ignore', 'ignore_ament_install']
[0.618s] Level 1:colcon.colcon_core.package_identification:_identify(colcon_ws/src/slam_msgs) by extension 'ignore'
[0.618s] Level 1:colcon.colcon_core.package_identification:_identify(colcon_ws/src/slam_msgs) by extension 'ignore_ament_install'
[0.618s] Level 1:colcon.colcon_core.package_identification:_identify(colcon_ws/src/slam_msgs) by extensions ['colcon_pkg']
[0.618s] Level 1:colcon.colcon_core.package_identification:_identify(colcon_ws/src/slam_msgs) by extension 'colcon_pkg'
[0.618s] Level 1:colcon.colcon_core.package_identification:_identify(colcon_ws/src/slam_msgs) by extensions ['colcon_meta']
[0.618s] Level 1:colcon.colcon_core.package_identification:_identify(colcon_ws/src/slam_msgs) by extension 'colcon_meta'
[0.618s] Level 1:colcon.colcon_core.package_identification:_identify(colcon_ws/src/slam_msgs) by extensions ['ros']
[0.618s] Level 1:colcon.colcon_core.package_identification:_identify(colcon_ws/src/slam_msgs) by extension 'ros'
[0.619s] DEBUG:colcon.colcon_core.package_identification:Package 'colcon_ws/src/slam_msgs' with type 'ros.ament_cmake' and name 'slam_msgs'
[0.619s] Level 1:colcon.colcon_core.package_identification:_identify(install) by extensions ['ignore', 'ignore_ament_install']
[0.620s] Level 1:colcon.colcon_core.package_identification:_identify(install) by extension 'ignore'
[0.620s] Level 1:colcon.colcon_core.package_identification:_identify(install) ignored
[0.620s] Level 1:colcon.colcon_core.package_identification:_identify(log) by extensions ['ignore', 'ignore_ament_install']
[0.620s] Level 1:colcon.colcon_core.package_identification:_identify(log) by extension 'ignore'
[0.620s] Level 1:colcon.colcon_core.package_identification:_identify(log) ignored
[0.625s] Level 1:colcon.colcon_core.package_identification:_identify(shell_scripts) by extensions ['ignore', 'ignore_ament_install']
[0.625s] Level 1:colcon.colcon_core.package_identification:_identify(shell_scripts) by extension 'ignore'
[0.626s] Level 1:colcon.colcon_core.package_identification:_identify(shell_scripts) by extension 'ignore_ament_install'
[0.626s] Level 1:colcon.colcon_core.package_identification:_identify(shell_scripts) by extensions ['colcon_pkg']
[0.626s] Level 1:colcon.colcon_core.package_identification:_identify(shell_scripts) by extension 'colcon_pkg'
[0.626s] Level 1:colcon.colcon_core.package_identification:_identify(shell_scripts) by extensions ['colcon_meta']
[0.626s] Level 1:colcon.colcon_core.package_identification:_identify(shell_scripts) by extension 'colcon_meta'
[0.626s] Level 1:colcon.colcon_core.package_identification:_identify(shell_scripts) by extensions ['ros']
[0.626s] Level 1:colcon.colcon_core.package_identification:_identify(shell_scripts) by extension 'ros'
[0.626s] Level 1:colcon.colcon_core.package_identification:_identify(shell_scripts) by extensions ['cmake', 'python']
[0.627s] Level 1:colcon.colcon_core.package_identification:_identify(shell_scripts) by extension 'cmake'
[0.627s] Level 1:colcon.colcon_core.package_identification:_identify(shell_scripts) by extension 'python'
[0.627s] Level 1:colcon.colcon_core.package_identification:_identify(shell_scripts) by extensions ['python_setup_py']
[0.627s] Level 1:colcon.colcon_core.package_identification:_identify(shell_scripts) by extension 'python_setup_py'
[0.627s] Level 1:colcon.colcon_core.package_discovery:discover_packages(recursive) using defaults
[0.627s] Level 1:colcon.colcon_core.package_discovery:discover_packages(ignore) discover
[0.627s] Level 1:colcon.colcon_core.package_discovery:discover_packages(ignore) using defaults
[0.627s] Level 1:colcon.colcon_core.package_discovery:discover_packages(path) discover
[0.627s] Level 1:colcon.colcon_core.package_discovery:discover_packages(path) using defaults
[0.679s] Level 5:colcon.colcon_core.verb:set package 'color_pose_corrector' build argument 'cmake_args' from command line to 'None'
[0.679s] Level 5:colcon.colcon_core.verb:set package 'color_pose_corrector' build argument 'cmake_target' from command line to 'None'
[0.679s] Level 5:colcon.colcon_core.verb:set package 'color_pose_corrector' build argument 'cmake_target_skip_unavailable' from command line to 'False'
[0.679s] Level 5:colcon.colcon_core.verb:set package 'color_pose_corrector' build argument 'cmake_clean_cache' from command line to 'False'
[0.679s] Level 5:colcon.colcon_core.verb:set package 'color_pose_corrector' build argument 'cmake_clean_first' from command line to 'False'
[0.679s] Level 5:colcon.colcon_core.verb:set package 'color_pose_corrector' build argument 'cmake_force_configure' from command line to 'False'
[0.679s] Level 5:colcon.colcon_core.verb:set package 'color_pose_corrector' build argument 'ament_cmake_args' from command line to 'None'
[0.679s] Level 5:colcon.colcon_core.verb:set package 'color_pose_corrector' build argument 'catkin_cmake_args' from command line to 'None'
[0.679s] Level 5:colcon.colcon_core.verb:set package 'color_pose_corrector' build argument 'catkin_skip_building_tests' from command line to 'False'
[0.679s] DEBUG:colcon.colcon_core.verb:Building package 'color_pose_corrector' with the following arguments: {'ament_cmake_args': None, 'build_base': '/root/build/color_pose_corrector', 'catkin_cmake_args': None, 'catkin_skip_building_tests': False, 'cmake_args': None, 'cmake_clean_cache': False, 'cmake_clean_first': False, 'cmake_force_configure': False, 'cmake_target': None, 'cmake_target_skip_unavailable': False, 'install_base': '/root/install/color_pose_corrector', 'merge_install': False, 'path': '/root/colcon_ws/src/color_pose_corrector', 'symlink_install': False, 'test_result_base': None}
[0.680s] Level 5:colcon.colcon_core.verb:set package 'slam_msgs' build argument 'cmake_args' from command line to 'None'
[0.680s] Level 5:colcon.colcon_core.verb:set package 'slam_msgs' build argument 'cmake_target' from command line to 'None'
[0.680s] Level 5:colcon.colcon_core.verb:set package 'slam_msgs' build argument 'cmake_target_skip_unavailable' from command line to 'False'
[0.680s] Level 5:colcon.colcon_core.verb:set package 'slam_msgs' build argument 'cmake_clean_cache' from command line to 'False'
[0.680s] Level 5:colcon.colcon_core.verb:set package 'slam_msgs' build argument 'cmake_clean_first' from command line to 'False'
[0.680s] Level 5:colcon.colcon_core.verb:set package 'slam_msgs' build argument 'cmake_force_configure' from command line to 'False'
[0.680s] Level 5:colcon.colcon_core.verb:set package 'slam_msgs' build argument 'ament_cmake_args' from command line to 'None'
[0.680s] Level 5:colcon.colcon_core.verb:set package 'slam_msgs' build argument 'catkin_cmake_args' from command line to 'None'
[0.680s] Level 5:colcon.colcon_core.verb:set package 'slam_msgs' build argument 'catkin_skip_building_tests' from command line to 'False'
[0.680s] DEBUG:colcon.colcon_core.verb:Building package 'slam_msgs' with the following arguments: {'ament_cmake_args': None, 'build_base': '/root/build/slam_msgs', 'catkin_cmake_args': None, 'catkin_skip_building_tests': False, 'cmake_args': None, 'cmake_clean_cache': False, 'cmake_clean_first': False, 'cmake_force_configure': False, 'cmake_target': None, 'cmake_target_skip_unavailable': False, 'install_base': '/root/install/slam_msgs', 'merge_install': False, 'path': '/root/colcon_ws/src/slam_msgs', 'symlink_install': False, 'test_result_base': None}
[0.681s] Level 5:colcon.colcon_core.verb:set package 'map_merger' build argument 'cmake_args' from command line to 'None'
[0.681s] Level 5:colcon.colcon_core.verb:set package 'map_merger' build argument 'cmake_target' from command line to 'None'
[0.681s] Level 5:colcon.colcon_core.verb:set package 'map_merger' build argument 'cmake_target_skip_unavailable' from command line to 'False'
[0.681s] Level 5:colcon.colcon_core.verb:set package 'map_merger' build argument 'cmake_clean_cache' from command line to 'False'
[0.681s] Level 5:colcon.colcon_core.verb:set package 'map_merger' build argument 'cmake_clean_first' from command line to 'False'
[0.681s] Level 5:colcon.colcon_core.verb:set package 'map_merger' build argument 'cmake_force_configure' from command line to 'False'
[0.681s] Level 5:colcon.colcon_core.verb:set package 'map_merger' build argument 'ament_cmake_args' from command line to 'None'
[0.681s] Level 5:colcon.colcon_core.verb:set package 'map_merger' build argument 'catkin_cmake_args' from command line to 'None'
[0.681s] Level 5:colcon.colcon_core.verb:set package 'map_merger' build argument 'catkin_skip_building_tests' from command line to 'False'
[0.682s] DEBUG:colcon.colcon_core.verb:Building package 'map_merger' with the following arguments: {'ament_cmake_args': None, 'build_base': '/root/build/map_merger', 'catkin_cmake_args': None, 'catkin_skip_building_tests': False, 'cmake_args': None, 'cmake_clean_cache': False, 'cmake_clean_first': False, 'cmake_force_configure': False, 'cmake_target': None, 'cmake_target_skip_unavailable': False, 'install_base': '/root/install/map_merger', 'merge_install': False, 'path': '/root/colcon_ws/src/map_merger', 'symlink_install': False, 'test_result_base': None}
[0.682s] Level 5:colcon.colcon_core.verb:set package 'orb_slam3_map_generator' build argument 'cmake_args' from command line to 'None'
[0.682s] Level 5:colcon.colcon_core.verb:set package 'orb_slam3_map_generator' build argument 'cmake_target' from command line to 'None'
[0.682s] Level 5:colcon.colcon_core.verb:set package 'orb_slam3_map_generator' build argument 'cmake_target_skip_unavailable' from command line to 'False'
[0.682s] Level 5:colcon.colcon_core.verb:set package 'orb_slam3_map_generator' build argument 'cmake_clean_cache' from command line to 'False'
[0.682s] Level 5:colcon.colcon_core.verb:set package 'orb_slam3_map_generator' build argument 'cmake_clean_first' from command line to 'False'
[0.682s] Level 5:colcon.colcon_core.verb:set package 'orb_slam3_map_generator' build argument 'cmake_force_configure' from command line to 'False'
[0.682s] Level 5:colcon.colcon_core.verb:set package 'orb_slam3_map_generator' build argument 'ament_cmake_args' from command line to 'None'
[0.682s] Level 5:colcon.colcon_core.verb:set package 'orb_slam3_map_generator' build argument 'catkin_cmake_args' from command line to 'None'
[0.682s] Level 5:colcon.colcon_core.verb:set package 'orb_slam3_map_generator' build argument 'catkin_skip_building_tests' from command line to 'False'
[0.682s] DEBUG:colcon.colcon_core.verb:Building package 'orb_slam3_map_generator' with the following arguments: {'ament_cmake_args': None, 'build_base': '/root/build/orb_slam3_map_generator', 'catkin_cmake_args': None, 'catkin_skip_building_tests': False, 'cmake_args': None, 'cmake_clean_cache': False, 'cmake_clean_first': False, 'cmake_force_configure': False, 'cmake_target': None, 'cmake_target_skip_unavailable': False, 'install_base': '/root/install/orb_slam3_map_generator', 'merge_install': False, 'path': '/root/colcon_ws/src/orb_slam3_map_generator', 'symlink_install': False, 'test_result_base': None}
[0.683s] Level 5:colcon.colcon_core.verb:set package 'orb_slam3_planner' build argument 'cmake_args' from command line to 'None'
[0.683s] Level 5:colcon.colcon_core.verb:set package 'orb_slam3_planner' build argument 'cmake_target' from command line to 'None'
[0.683s] Level 5:colcon.colcon_core.verb:set package 'orb_slam3_planner' build argument 'cmake_target_skip_unavailable' from command line to 'False'
[0.683s] Level 5:colcon.colcon_core.verb:set package 'orb_slam3_planner' build argument 'cmake_clean_cache' from command line to 'False'
[0.683s] Level 5:colcon.colcon_core.verb:set package 'orb_slam3_planner' build argument 'cmake_clean_first' from command line to 'False'
[0.683s] Level 5:colcon.colcon_core.verb:set package 'orb_slam3_planner' build argument 'cmake_force_configure' from command line to 'False'
[0.683s] Level 5:colcon.colcon_core.verb:set package 'orb_slam3_planner' build argument 'ament_cmake_args' from command line to 'None'
[0.684s] Level 5:colcon.colcon_core.verb:set package 'orb_slam3_planner' build argument 'catkin_cmake_args' from command line to 'None'
[0.684s] Level 5:colcon.colcon_core.verb:set package 'orb_slam3_planner' build argument 'catkin_skip_building_tests' from command line to 'False'
[0.684s] DEBUG:colcon.colcon_core.verb:Building package 'orb_slam3_planner' with the following arguments: {'ament_cmake_args': None, 'build_base': '/root/build/orb_slam3_planner', 'catkin_cmake_args': None, 'catkin_skip_building_tests': False, 'cmake_args': None, 'cmake_clean_cache': False, 'cmake_clean_first': False, 'cmake_force_configure': False, 'cmake_target': None, 'cmake_target_skip_unavailable': False, 'install_base': '/root/install/orb_slam3_planner', 'merge_install': False, 'path': '/root/colcon_ws/src/orb_slam3_planner', 'symlink_install': False, 'test_result_base': None}
[0.684s] Level 5:colcon.colcon_core.verb:set package 'orb_slam3_ros2_wrapper' build argument 'cmake_args' from command line to 'None'
[0.684s] Level 5:colcon.colcon_core.verb:set package 'orb_slam3_ros2_wrapper' build argument 'cmake_target' from command line to 'None'
[0.684s] Level 5:colcon.colcon_core.verb:set package 'orb_slam3_ros2_wrapper' build argument 'cmake_target_skip_unavailable' from command line to 'False'
[0.684s] Level 5:colcon.colcon_core.verb:set package 'orb_slam3_ros2_wrapper' build argument 'cmake_clean_cache' from command line to 'False'
[0.684s] Level 5:colcon.colcon_core.verb:set package 'orb_slam3_ros2_wrapper' build argument 'cmake_clean_first' from command line to 'False'
[0.684s] Level 5:colcon.colcon_core.verb:set package 'orb_slam3_ros2_wrapper' build argument 'cmake_force_configure' from command line to 'False'
[0.684s] Level 5:colcon.colcon_core.verb:set package 'orb_slam3_ros2_wrapper' build argument 'ament_cmake_args' from command line to 'None'
[0.684s] Level 5:colcon.colcon_core.verb:set package 'orb_slam3_ros2_wrapper' build argument 'catkin_cmake_args' from command line to 'None'
[0.684s] Level 5:colcon.colcon_core.verb:set package 'orb_slam3_ros2_wrapper' build argument 'catkin_skip_building_tests' from command line to 'False'
[0.684s] DEBUG:colcon.colcon_core.verb:Building package 'orb_slam3_ros2_wrapper' with the following arguments: {'ament_cmake_args': None, 'build_base': '/root/build/orb_slam3_ros2_wrapper', 'catkin_cmake_args': None, 'catkin_skip_building_tests': False, 'cmake_args': None, 'cmake_clean_cache': False, 'cmake_clean_first': False, 'cmake_force_configure': False, 'cmake_target': None, 'cmake_target_skip_unavailable': False, 'install_base': '/root/install/orb_slam3_ros2_wrapper', 'merge_install': False, 'path': '/root/colcon_ws/src/orb_slam3_ros2_wrapper', 'symlink_install': False, 'test_result_base': None}
[0.685s] INFO:colcon.colcon_core.executor:Executing jobs using 'parallel' executor
[0.687s] DEBUG:colcon.colcon_parallel_executor.executor.parallel:run_until_complete
[0.688s] INFO:colcon.colcon_ros.task.ament_cmake.build:Building ROS package in '/root/colcon_ws/src/slam_msgs' with build type 'ament_cmake'
[0.688s] INFO:colcon.colcon_cmake.task.cmake.build:Building CMake package in '/root/colcon_ws/src/slam_msgs'
[0.692s] INFO:colcon.colcon_core.plugin_system:Skipping extension 'colcon_core.shell.bat': Not used on non-Windows systems
[0.693s] INFO:colcon.colcon_core.shell:Skip shell extension 'powershell' for command environment: Not usable outside of PowerShell
[0.693s] DEBUG:colcon.colcon_core.shell:Skip shell extension 'dsv' for command environment
[0.702s] INFO:colcon.colcon_ros.task.ament_python.build:Building ROS package in '/root/colcon_ws/src/color_pose_corrector' with build type 'ament_python'
[0.729s] Level 1:colcon.colcon_core.shell:create_environment_hook('color_pose_corrector', 'ament_prefix_path')
[0.730s] INFO:colcon.colcon_core.shell:Creating environment hook '/root/install/color_pose_corrector/share/color_pose_corrector/hook/ament_prefix_path.ps1'
[0.731s] INFO:colcon.colcon_core.shell:Creating environment descriptor '/root/install/color_pose_corrector/share/color_pose_corrector/hook/ament_prefix_path.dsv'
[0.732s] INFO:colcon.colcon_core.shell:Creating environment hook '/root/install/color_pose_corrector/share/color_pose_corrector/hook/ament_prefix_path.sh'
[0.733s] INFO:colcon.colcon_core.shell:Skip shell extension 'powershell' for command environment: Not usable outside of PowerShell
[0.733s] DEBUG:colcon.colcon_core.shell:Skip shell extension 'dsv' for command environment
[0.745s] DEBUG:colcon.colcon_core.event_handler.log_command:Invoking command in '/root/build/slam_msgs': CMAKE_PREFIX_PATH=${CMAKE_PREFIX_PATH}:/root/colcon_ws/install/orb_slam3_planner:/root/colcon_ws/install/map_merger:/root/colcon_ws/install/color_pose_corrector:/opt/ros/humble /usr/bin/cmake --build /root/build/slam_msgs -- -j12 -l12
[1.346s] INFO:colcon.colcon_core.task.python.build:Building Python package in '/root/colcon_ws/src/color_pose_corrector'
[1.347s] INFO:colcon.colcon_core.shell:Skip shell extension 'powershell' for command environment: Not usable outside of PowerShell
[1.347s] DEBUG:colcon.colcon_core.shell:Skip shell extension 'dsv' for command environment
[1.631s] DEBUG:colcon.colcon_core.event_handler.log_command:Invoked command in '/root/build/slam_msgs' returned '0': CMAKE_PREFIX_PATH=${CMAKE_PREFIX_PATH}:/root/colcon_ws/install/orb_slam3_planner:/root/colcon_ws/install/map_merger:/root/colcon_ws/install/color_pose_corrector:/opt/ros/humble /usr/bin/cmake --build /root/build/slam_msgs -- -j12 -l12
[1.654s] DEBUG:colcon.colcon_core.event_handler.log_command:Invoking command in '/root/build/slam_msgs': CMAKE_PREFIX_PATH=${CMAKE_PREFIX_PATH}:/root/colcon_ws/install/orb_slam3_planner:/root/colcon_ws/install/map_merger:/root/colcon_ws/install/color_pose_corrector:/opt/ros/humble /usr/bin/cmake --install /root/build/slam_msgs
[1.835s] Level 1:colcon.colcon_core.environment:create_environment_scripts_only(slam_msgs)
[1.836s] DEBUG:colcon.colcon_core.event_handler.log_command:Invoked command in '/root/build/slam_msgs' returned '0': CMAKE_PREFIX_PATH=${CMAKE_PREFIX_PATH}:/root/colcon_ws/install/orb_slam3_planner:/root/colcon_ws/install/map_merger:/root/colcon_ws/install/color_pose_corrector:/opt/ros/humble /usr/bin/cmake --install /root/build/slam_msgs
[1.841s] Level 1:colcon.colcon_core.environment:checking '/root/install/slam_msgs' for CMake module files
[1.842s] Level 1:colcon.colcon_core.environment:checking '/root/install/slam_msgs' for CMake config files
[1.846s] Level 1:colcon.colcon_core.shell:create_environment_hook('slam_msgs', 'cmake_prefix_path')
[1.846s] INFO:colcon.colcon_core.shell:Creating environment hook '/root/install/slam_msgs/share/slam_msgs/hook/cmake_prefix_path.ps1'
[1.847s] INFO:colcon.colcon_core.shell:Creating environment descriptor '/root/install/slam_msgs/share/slam_msgs/hook/cmake_prefix_path.dsv'
[1.848s] INFO:colcon.colcon_core.shell:Creating environment hook '/root/install/slam_msgs/share/slam_msgs/hook/cmake_prefix_path.sh'
[1.849s] Level 1:colcon.colcon_core.environment:checking '/root/install/slam_msgs/lib'
[1.850s] Level 1:colcon.colcon_core.shell:create_environment_hook('slam_msgs', 'ld_library_path_lib')
[1.850s] INFO:colcon.colcon_core.shell:Creating environment hook '/root/install/slam_msgs/share/slam_msgs/hook/ld_library_path_lib.ps1'
[1.850s] INFO:colcon.colcon_core.shell:Creating environment descriptor '/root/install/slam_msgs/share/slam_msgs/hook/ld_library_path_lib.dsv'
[1.851s] INFO:colcon.colcon_core.shell:Creating environment hook '/root/install/slam_msgs/share/slam_msgs/hook/ld_library_path_lib.sh'
[1.852s] Level 1:colcon.colcon_core.environment:checking '/root/install/slam_msgs/bin'
[1.852s] Level 1:colcon.colcon_core.environment:checking '/root/install/slam_msgs/lib/pkgconfig/slam_msgs.pc'
[1.852s] Level 1:colcon.colcon_core.environment:checking '/root/install/slam_msgs/lib/python3.10/site-packages'
[1.852s] Level 1:colcon.colcon_core.environment:checking '/root/install/slam_msgs/bin'
[1.853s] INFO:colcon.colcon_core.shell:Creating package script '/root/install/slam_msgs/share/slam_msgs/package.ps1'
[1.855s] INFO:colcon.colcon_core.shell:Creating package descriptor '/root/install/slam_msgs/share/slam_msgs/package.dsv'
[1.857s] INFO:colcon.colcon_core.shell:Creating package script '/root/install/slam_msgs/share/slam_msgs/package.sh'
[1.858s] INFO:colcon.colcon_core.shell:Creating package script '/root/install/slam_msgs/share/slam_msgs/package.bash'
[1.860s] INFO:colcon.colcon_core.shell:Creating package script '/root/install/slam_msgs/share/slam_msgs/package.zsh'
[1.861s] Level 1:colcon.colcon_core.environment:create_file_with_runtime_dependencies(/root/install/slam_msgs/share/colcon-core/packages/slam_msgs)
[1.862s] Level 1:colcon.colcon_core.environment:create_environment_scripts_only(slam_msgs)
[1.863s] Level 1:colcon.colcon_core.environment:checking '/root/install/slam_msgs' for CMake module files
[1.864s] Level 1:colcon.colcon_core.environment:checking '/root/install/slam_msgs' for CMake config files
[1.865s] Level 1:colcon.colcon_core.shell:create_environment_hook('slam_msgs', 'cmake_prefix_path')
[1.866s] INFO:colcon.colcon_core.shell:Creating environment hook '/root/install/slam_msgs/share/slam_msgs/hook/cmake_prefix_path.ps1'
[1.866s] INFO:colcon.colcon_core.shell:Creating environment descriptor '/root/install/slam_msgs/share/slam_msgs/hook/cmake_prefix_path.dsv'
[1.867s] INFO:colcon.colcon_core.shell:Creating environment hook '/root/install/slam_msgs/share/slam_msgs/hook/cmake_prefix_path.sh'
[1.868s] Level 1:colcon.colcon_core.environment:checking '/root/install/slam_msgs/lib'
[1.868s] Level 1:colcon.colcon_core.shell:create_environment_hook('slam_msgs', 'ld_library_path_lib')
[1.868s] INFO:colcon.colcon_core.shell:Creating environment hook '/root/install/slam_msgs/share/slam_msgs/hook/ld_library_path_lib.ps1'
[1.869s] INFO:colcon.colcon_core.shell:Creating environment descriptor '/root/install/slam_msgs/share/slam_msgs/hook/ld_library_path_lib.dsv'
[1.870s] INFO:colcon.colcon_core.shell:Creating environment hook '/root/install/slam_msgs/share/slam_msgs/hook/ld_library_path_lib.sh'
[1.870s] Level 1:colcon.colcon_core.environment:checking '/root/install/slam_msgs/bin'
[1.870s] Level 1:colcon.colcon_core.environment:checking '/root/install/slam_msgs/lib/pkgconfig/slam_msgs.pc'
[1.871s] Level 1:colcon.colcon_core.environment:checking '/root/install/slam_msgs/lib/python3.10/site-packages'
[1.871s] Level 1:colcon.colcon_core.environment:checking '/root/install/slam_msgs/bin'
[1.872s] INFO:colcon.colcon_core.shell:Creating package script '/root/install/slam_msgs/share/slam_msgs/package.ps1'
[1.873s] INFO:colcon.colcon_core.shell:Creating package descriptor '/root/install/slam_msgs/share/slam_msgs/package.dsv'
[1.874s] INFO:colcon.colcon_core.shell:Creating package script '/root/install/slam_msgs/share/slam_msgs/package.sh'
[1.875s] INFO:colcon.colcon_core.shell:Creating package script '/root/install/slam_msgs/share/slam_msgs/package.bash'
[1.876s] INFO:colcon.colcon_core.shell:Creating package script '/root/install/slam_msgs/share/slam_msgs/package.zsh'
[1.877s] Level 1:colcon.colcon_core.environment:create_file_with_runtime_dependencies(/root/install/slam_msgs/share/colcon-core/packages/slam_msgs)
[1.877s] INFO:colcon.colcon_ros.task.ament_python.build:Building ROS package in '/root/colcon_ws/src/map_merger' with build type 'ament_python'
[1.878s] Level 1:colcon.colcon_core.shell:create_environment_hook('map_merger', 'ament_prefix_path')
[1.878s] INFO:colcon.colcon_core.shell:Creating environment hook '/root/install/map_merger/share/map_merger/hook/ament_prefix_path.ps1'
[1.880s] INFO:colcon.colcon_core.shell:Creating environment descriptor '/root/install/map_merger/share/map_merger/hook/ament_prefix_path.dsv'
[1.881s] INFO:colcon.colcon_core.shell:Creating environment hook '/root/install/map_merger/share/map_merger/hook/ament_prefix_path.sh'
[1.883s] INFO:colcon.colcon_core.shell:Skip shell extension 'powershell' for command environment: Not usable outside of PowerShell
[1.883s] DEBUG:colcon.colcon_core.shell:Skip shell extension 'dsv' for command environment
[1.892s] INFO:colcon.colcon_ros.task.ament_cmake.build:Building ROS package in '/root/colcon_ws/src/orb_slam3_map_generator' with build type 'ament_cmake'
[1.893s] INFO:colcon.colcon_cmake.task.cmake.build:Building CMake package in '/root/colcon_ws/src/orb_slam3_map_generator'
[1.894s] INFO:colcon.colcon_core.shell:Skip shell extension 'powershell' for command environment: Not usable outside of PowerShell
[1.894s] DEBUG:colcon.colcon_core.shell:Skip shell extension 'dsv' for command environment
[1.902s] INFO:colcon.colcon_ros.task.ament_python.build:Building ROS package in '/root/colcon_ws/src/orb_slam3_planner' with build type 'ament_python'
[1.903s] Level 1:colcon.colcon_core.shell:create_environment_hook('orb_slam3_planner', 'ament_prefix_path')
[1.903s] INFO:colcon.colcon_core.shell:Creating environment hook '/root/install/orb_slam3_planner/share/orb_slam3_planner/hook/ament_prefix_path.ps1'
[1.906s] INFO:colcon.colcon_core.shell:Creating environment descriptor '/root/install/orb_slam3_planner/share/orb_slam3_planner/hook/ament_prefix_path.dsv'
[1.907s] INFO:colcon.colcon_core.shell:Creating environment hook '/root/install/orb_slam3_planner/share/orb_slam3_planner/hook/ament_prefix_path.sh'
[1.909s] INFO:colcon.colcon_core.shell:Skip shell extension 'powershell' for command environment: Not usable outside of PowerShell
[1.909s] DEBUG:colcon.colcon_core.shell:Skip shell extension 'dsv' for command environment
[1.918s] INFO:colcon.colcon_ros.task.ament_cmake.build:Building ROS package in '/root/colcon_ws/src/orb_slam3_ros2_wrapper' with build type 'ament_cmake'
[1.918s] INFO:colcon.colcon_cmake.task.cmake.build:Building CMake package in '/root/colcon_ws/src/orb_slam3_ros2_wrapper'
[1.919s] INFO:colcon.colcon_core.shell:Skip shell extension 'powershell' for command environment: Not usable outside of PowerShell
[1.919s] DEBUG:colcon.colcon_core.shell:Skip shell extension 'dsv' for command environment
[2.520s] INFO:colcon.colcon_core.task.python.build:Building Python package in '/root/colcon_ws/src/map_merger'
[2.521s] INFO:colcon.colcon_core.shell:Skip shell extension 'powershell' for command environment: Not usable outside of PowerShell
[2.521s] DEBUG:colcon.colcon_core.shell:Skip shell extension 'dsv' for command environment
[2.537s] DEBUG:colcon.colcon_core.event_handler.log_command:Invoking command in '/root/build/orb_slam3_map_generator': AMENT_PREFIX_PATH=/root/install/slam_msgs:${AMENT_PREFIX_PATH} CMAKE_PREFIX_PATH=/root/install/slam_msgs:/root/colcon_ws/install/orb_slam3_ros2_wrapper:/root/colcon_ws/install/orb_slam3_map_generator:/root/colcon_ws/install/slam_msgs:/root/colcon_ws/install/orb_slam3_planner:/root/colcon_ws/install/map_merger:/root/colcon_ws/install/color_pose_corrector:/opt/ros/humble LD_LIBRARY_PATH=/root/install/slam_msgs/lib:${LD_LIBRARY_PATH} PYTHONPATH=/root/install/slam_msgs/local/lib/python3.10/dist-packages:${PYTHONPATH} /usr/bin/cmake --build /root/build/orb_slam3_map_generator -- -j12 -l12
[3.047s] WARNING:colcon.colcon_ros.task.ament_python.build:Package 'orb_slam3_planner' doesn't explicitly install a marker in the package index (colcon-ros currently does it implicitly but that fallback will be removed in the future)
[3.052s] INFO:colcon.colcon_core.task.python.build:Building Python package in '/root/colcon_ws/src/orb_slam3_planner'
[3.053s] INFO:colcon.colcon_core.shell:Skip shell extension 'powershell' for command environment: Not usable outside of PowerShell
[3.053s] DEBUG:colcon.colcon_core.shell:Skip shell extension 'dsv' for command environment
[3.075s] DEBUG:colcon.colcon_core.event_handler.log_command:Invoking command in '/root/build/orb_slam3_ros2_wrapper': AMENT_PREFIX_PATH=/root/install/slam_msgs:${AMENT_PREFIX_PATH} CMAKE_PREFIX_PATH=/root/install/slam_msgs:/root/colcon_ws/install/orb_slam3_ros2_wrapper:/root/colcon_ws/install/orb_slam3_map_generator:/root/colcon_ws/install/slam_msgs:/root/colcon_ws/install/orb_slam3_planner:/root/colcon_ws/install/map_merger:/root/colcon_ws/install/color_pose_corrector:/opt/ros/humble LD_LIBRARY_PATH=/root/install/slam_msgs/lib:${LD_LIBRARY_PATH} PYTHONPATH=/root/install/slam_msgs/local/lib/python3.10/dist-packages:${PYTHONPATH} /usr/bin/cmake --build /root/build/orb_slam3_ros2_wrapper -- -j12 -l12
[3.079s] DEBUG:colcon.colcon_core.event_handler.log_command:Invoking command in '/root/colcon_ws/src/color_pose_corrector': PYTHONPATH=/root/build/color_pose_corrector/prefix_override:/usr/lib/python3/dist-packages/colcon_core/task/python/colcon_distutils_commands:/root/install/color_pose_corrector/lib/python3.10/site-packages:${PYTHONPATH} /usr/bin/python3 -W ignore:setup.py install is deprecated -W ignore:easy_install command is deprecated setup.py egg_info --egg-base ../../../build/color_pose_corrector build --build-base /root/build/color_pose_corrector/build install --record /root/build/color_pose_corrector/install.log --single-version-externally-managed install_data
[3.080s] DEBUG:colcon.colcon_core.event_handler.log_command:Invoked command in '/root/build/orb_slam3_map_generator' returned '0': AMENT_PREFIX_PATH=/root/install/slam_msgs:${AMENT_PREFIX_PATH} CMAKE_PREFIX_PATH=/root/install/slam_msgs:/root/colcon_ws/install/orb_slam3_ros2_wrapper:/root/colcon_ws/install/orb_slam3_map_generator:/root/colcon_ws/install/slam_msgs:/root/colcon_ws/install/orb_slam3_planner:/root/colcon_ws/install/map_merger:/root/colcon_ws/install/color_pose_corrector:/opt/ros/humble LD_LIBRARY_PATH=/root/install/slam_msgs/lib:${LD_LIBRARY_PATH} PYTHONPATH=/root/install/slam_msgs/local/lib/python3.10/dist-packages:${PYTHONPATH} /usr/bin/cmake --build /root/build/orb_slam3_map_generator -- -j12 -l12
[3.080s] DEBUG:colcon.colcon_core.event_handler.log_command:Invoking command in '/root/build/orb_slam3_map_generator': AMENT_PREFIX_PATH=/root/install/slam_msgs:${AMENT_PREFIX_PATH} CMAKE_PREFIX_PATH=/root/install/slam_msgs:/root/colcon_ws/install/orb_slam3_ros2_wrapper:/root/colcon_ws/install/orb_slam3_map_generator:/root/colcon_ws/install/slam_msgs:/root/colcon_ws/install/orb_slam3_planner:/root/colcon_ws/install/map_merger:/root/colcon_ws/install/color_pose_corrector:/opt/ros/humble LD_LIBRARY_PATH=/root/install/slam_msgs/lib:${LD_LIBRARY_PATH} PYTHONPATH=/root/install/slam_msgs/local/lib/python3.10/dist-packages:${PYTHONPATH} /usr/bin/cmake --install /root/build/orb_slam3_map_generator
[3.106s] Level 1:colcon.colcon_core.environment:create_environment_scripts_only(orb_slam3_map_generator)
[3.106s] DEBUG:colcon.colcon_core.event_handler.log_command:Invoked command in '/root/build/orb_slam3_map_generator' returned '0': AMENT_PREFIX_PATH=/root/install/slam_msgs:${AMENT_PREFIX_PATH} CMAKE_PREFIX_PATH=/root/install/slam_msgs:/root/colcon_ws/install/orb_slam3_ros2_wrapper:/root/colcon_ws/install/orb_slam3_map_generator:/root/colcon_ws/install/slam_msgs:/root/colcon_ws/install/orb_slam3_planner:/root/colcon_ws/install/map_merger:/root/colcon_ws/install/color_pose_corrector:/opt/ros/humble LD_LIBRARY_PATH=/root/install/slam_msgs/lib:${LD_LIBRARY_PATH} PYTHONPATH=/root/install/slam_msgs/local/lib/python3.10/dist-packages:${PYTHONPATH} /usr/bin/cmake --install /root/build/orb_slam3_map_generator
[3.107s] Level 1:colcon.colcon_core.environment:checking '/root/install/orb_slam3_map_generator' for CMake module files
[3.108s] Level 1:colcon.colcon_core.environment:checking '/root/install/orb_slam3_map_generator' for CMake config files
[3.109s] Level 1:colcon.colcon_core.shell:create_environment_hook('orb_slam3_map_generator', 'cmake_prefix_path')
[3.109s] INFO:colcon.colcon_core.shell:Creating environment hook '/root/install/orb_slam3_map_generator/share/orb_slam3_map_generator/hook/cmake_prefix_path.ps1'
[3.110s] INFO:colcon.colcon_core.shell:Creating environment descriptor '/root/install/orb_slam3_map_generator/share/orb_slam3_map_generator/hook/cmake_prefix_path.dsv'
[3.111s] INFO:colcon.colcon_core.shell:Creating environment hook '/root/install/orb_slam3_map_generator/share/orb_slam3_map_generator/hook/cmake_prefix_path.sh'
[3.112s] Level 1:colcon.colcon_core.environment:checking '/root/install/orb_slam3_map_generator/lib'
[3.113s] Level 1:colcon.colcon_core.environment:checking '/root/install/orb_slam3_map_generator/bin'
[3.113s] Level 1:colcon.colcon_core.environment:checking '/root/install/orb_slam3_map_generator/lib/pkgconfig/orb_slam3_map_generator.pc'
[3.113s] Level 1:colcon.colcon_core.environment:checking '/root/install/orb_slam3_map_generator/lib/python3.10/site-packages'
[3.114s] Level 1:colcon.colcon_core.environment:checking '/root/install/orb_slam3_map_generator/bin'
[3.115s] INFO:colcon.colcon_core.shell:Creating package script '/root/install/orb_slam3_map_generator/share/orb_slam3_map_generator/package.ps1'
[3.116s] INFO:colcon.colcon_core.shell:Creating package descriptor '/root/install/orb_slam3_map_generator/share/orb_slam3_map_generator/package.dsv'
[3.118s] INFO:colcon.colcon_core.shell:Creating package script '/root/install/orb_slam3_map_generator/share/orb_slam3_map_generator/package.sh'
[3.119s] INFO:colcon.colcon_core.shell:Creating package script '/root/install/orb_slam3_map_generator/share/orb_slam3_map_generator/package.bash'
[3.119s] INFO:colcon.colcon_core.shell:Creating package script '/root/install/orb_slam3_map_generator/share/orb_slam3_map_generator/package.zsh'
[3.120s] Level 1:colcon.colcon_core.environment:create_file_with_runtime_dependencies(/root/install/orb_slam3_map_generator/share/colcon-core/packages/orb_slam3_map_generator)
[3.122s] Level 1:colcon.colcon_core.environment:create_environment_scripts_only(orb_slam3_map_generator)
[3.122s] Level 1:colcon.colcon_core.environment:checking '/root/install/orb_slam3_map_generator' for CMake module files
[3.124s] Level 1:colcon.colcon_core.environment:checking '/root/install/orb_slam3_map_generator' for CMake config files
[3.125s] Level 1:colcon.colcon_core.shell:create_environment_hook('orb_slam3_map_generator', 'cmake_prefix_path')
[3.125s] INFO:colcon.colcon_core.shell:Creating environment hook '/root/install/orb_slam3_map_generator/share/orb_slam3_map_generator/hook/cmake_prefix_path.ps1'
[3.126s] INFO:colcon.colcon_core.shell:Creating environment descriptor '/root/install/orb_slam3_map_generator/share/orb_slam3_map_generator/hook/cmake_prefix_path.dsv'
[3.127s] INFO:colcon.colcon_core.shell:Creating environment hook '/root/install/orb_slam3_map_generator/share/orb_slam3_map_generator/hook/cmake_prefix_path.sh'
[3.128s] Level 1:colcon.colcon_core.environment:checking '/root/install/orb_slam3_map_generator/lib'
[3.128s] Level 1:colcon.colcon_core.environment:checking '/root/install/orb_slam3_map_generator/bin'
[3.128s] Level 1:colcon.colcon_core.environment:checking '/root/install/orb_slam3_map_generator/lib/pkgconfig/orb_slam3_map_generator.pc'
[3.129s] Level 1:colcon.colcon_core.environment:checking '/root/install/orb_slam3_map_generator/lib/python3.10/site-packages'
[3.129s] Level 1:colcon.colcon_core.environment:checking '/root/install/orb_slam3_map_generator/bin'
[3.130s] INFO:colcon.colcon_core.shell:Creating package script '/root/install/orb_slam3_map_generator/share/orb_slam3_map_generator/package.ps1'
[3.131s] INFO:colcon.colcon_core.shell:Creating package descriptor '/root/install/orb_slam3_map_generator/share/orb_slam3_map_generator/package.dsv'
[3.132s] INFO:colcon.colcon_core.shell:Creating package script '/root/install/orb_slam3_map_generator/share/orb_slam3_map_generator/package.sh'
[3.133s] INFO:colcon.colcon_core.shell:Creating package script '/root/install/orb_slam3_map_generator/share/orb_slam3_map_generator/package.bash'
[3.134s] INFO:colcon.colcon_core.shell:Creating package script '/root/install/orb_slam3_map_generator/share/orb_slam3_map_generator/package.zsh'
[3.135s] Level 1:colcon.colcon_core.environment:create_file_with_runtime_dependencies(/root/install/orb_slam3_map_generator/share/colcon-core/packages/orb_slam3_map_generator)
[3.389s] DEBUG:colcon.colcon_core.event_handler.log_command:Invoked command in '/root/build/orb_slam3_ros2_wrapper' returned '0': AMENT_PREFIX_PATH=/root/install/slam_msgs:${AMENT_PREFIX_PATH} CMAKE_PREFIX_PATH=/root/install/slam_msgs:/root/colcon_ws/install/orb_slam3_ros2_wrapper:/root/colcon_ws/install/orb_slam3_map_generator:/root/colcon_ws/install/slam_msgs:/root/colcon_ws/install/orb_slam3_planner:/root/colcon_ws/install/map_merger:/root/colcon_ws/install/color_pose_corrector:/opt/ros/humble LD_LIBRARY_PATH=/root/install/slam_msgs/lib:${LD_LIBRARY_PATH} PYTHONPATH=/root/install/slam_msgs/local/lib/python3.10/dist-packages:${PYTHONPATH} /usr/bin/cmake --build /root/build/orb_slam3_ros2_wrapper -- -j12 -l12
[3.394s] DEBUG:colcon.colcon_core.event_handler.log_command:Invoking command in '/root/build/orb_slam3_ros2_wrapper': AMENT_PREFIX_PATH=/root/install/slam_msgs:${AMENT_PREFIX_PATH} CMAKE_PREFIX_PATH=/root/install/slam_msgs:/root/colcon_ws/install/orb_slam3_ros2_wrapper:/root/colcon_ws/install/orb_slam3_map_generator:/root/colcon_ws/install/slam_msgs:/root/colcon_ws/install/orb_slam3_planner:/root/colcon_ws/install/map_merger:/root/colcon_ws/install/color_pose_corrector:/opt/ros/humble LD_LIBRARY_PATH=/root/install/slam_msgs/lib:${LD_LIBRARY_PATH} PYTHONPATH=/root/install/slam_msgs/local/lib/python3.10/dist-packages:${PYTHONPATH} /usr/bin/cmake --install /root/build/orb_slam3_ros2_wrapper
[3.413s] Level 1:colcon.colcon_core.environment:create_environment_scripts_only(orb_slam3_ros2_wrapper)
[3.414s] Level 1:colcon.colcon_core.environment:checking '/root/install/orb_slam3_ros2_wrapper' for CMake module files
[3.415s] DEBUG:colcon.colcon_core.event_handler.log_command:Invoked command in '/root/build/orb_slam3_ros2_wrapper' returned '0': AMENT_PREFIX_PATH=/root/install/slam_msgs:${AMENT_PREFIX_PATH} CMAKE_PREFIX_PATH=/root/install/slam_msgs:/root/colcon_ws/install/orb_slam3_ros2_wrapper:/root/colcon_ws/install/orb_slam3_map_generator:/root/colcon_ws/install/slam_msgs:/root/colcon_ws/install/orb_slam3_planner:/root/colcon_ws/install/map_merger:/root/colcon_ws/install/color_pose_corrector:/opt/ros/humble LD_LIBRARY_PATH=/root/install/slam_msgs/lib:${LD_LIBRARY_PATH} PYTHONPATH=/root/install/slam_msgs/local/lib/python3.10/dist-packages:${PYTHONPATH} /usr/bin/cmake --install /root/build/orb_slam3_ros2_wrapper
[3.416s] Level 1:colcon.colcon_core.environment:checking '/root/install/orb_slam3_ros2_wrapper' for CMake config files
[3.417s] Level 1:colcon.colcon_core.shell:create_environment_hook('orb_slam3_ros2_wrapper', 'cmake_prefix_path')
[3.418s] INFO:colcon.colcon_core.shell:Creating environment hook '/root/install/orb_slam3_ros2_wrapper/share/orb_slam3_ros2_wrapper/hook/cmake_prefix_path.ps1'
[3.419s] INFO:colcon.colcon_core.shell:Creating environment descriptor '/root/install/orb_slam3_ros2_wrapper/share/orb_slam3_ros2_wrapper/hook/cmake_prefix_path.dsv'
[3.421s] INFO:colcon.colcon_core.shell:Creating environment hook '/root/install/orb_slam3_ros2_wrapper/share/orb_slam3_ros2_wrapper/hook/cmake_prefix_path.sh'
[3.423s] Level 1:colcon.colcon_core.environment:checking '/root/install/orb_slam3_ros2_wrapper/lib'
[3.423s] Level 1:colcon.colcon_core.environment:checking '/root/install/orb_slam3_ros2_wrapper/bin'
[3.423s] Level 1:colcon.colcon_core.environment:checking '/root/install/orb_slam3_ros2_wrapper/lib/pkgconfig/orb_slam3_ros2_wrapper.pc'
[3.423s] Level 1:colcon.colcon_core.environment:checking '/root/install/orb_slam3_ros2_wrapper/lib/python3.10/site-packages'
[3.424s] Level 1:colcon.colcon_core.environment:checking '/root/install/orb_slam3_ros2_wrapper/bin'
[3.424s] INFO:colcon.colcon_core.shell:Creating package script '/root/install/orb_slam3_ros2_wrapper/share/orb_slam3_ros2_wrapper/package.ps1'
[3.425s] INFO:colcon.colcon_core.shell:Creating package descriptor '/root/install/orb_slam3_ros2_wrapper/share/orb_slam3_ros2_wrapper/package.dsv'
[3.426s] INFO:colcon.colcon_core.shell:Creating package script '/root/install/orb_slam3_ros2_wrapper/share/orb_slam3_ros2_wrapper/package.sh'
[3.427s] INFO:colcon.colcon_core.shell:Creating package script '/root/install/orb_slam3_ros2_wrapper/share/orb_slam3_ros2_wrapper/package.bash'
[3.428s] INFO:colcon.colcon_core.shell:Creating package script '/root/install/orb_slam3_ros2_wrapper/share/orb_slam3_ros2_wrapper/package.zsh'
[3.429s] Level 1:colcon.colcon_core.environment:create_file_with_runtime_dependencies(/root/install/orb_slam3_ros2_wrapper/share/colcon-core/packages/orb_slam3_ros2_wrapper)
[3.430s] Level 1:colcon.colcon_core.environment:create_environment_scripts_only(orb_slam3_ros2_wrapper)
[3.430s] Level 1:colcon.colcon_core.environment:checking '/root/install/orb_slam3_ros2_wrapper' for CMake module files
[3.431s] Level 1:colcon.colcon_core.environment:checking '/root/install/orb_slam3_ros2_wrapper' for CMake config files
[3.431s] Level 1:colcon.colcon_core.shell:create_environment_hook('orb_slam3_ros2_wrapper', 'cmake_prefix_path')
[3.432s] INFO:colcon.colcon_core.shell:Creating environment hook '/root/install/orb_slam3_ros2_wrapper/share/orb_slam3_ros2_wrapper/hook/cmake_prefix_path.ps1'
[3.433s] INFO:colcon.colcon_core.shell:Creating environment descriptor '/root/install/orb_slam3_ros2_wrapper/share/orb_slam3_ros2_wrapper/hook/cmake_prefix_path.dsv'
[3.433s] INFO:colcon.colcon_core.shell:Creating environment hook '/root/install/orb_slam3_ros2_wrapper/share/orb_slam3_ros2_wrapper/hook/cmake_prefix_path.sh'
[3.435s] Level 1:colcon.colcon_core.environment:checking '/root/install/orb_slam3_ros2_wrapper/lib'
[3.435s] Level 1:colcon.colcon_core.environment:checking '/root/install/orb_slam3_ros2_wrapper/bin'
[3.435s] Level 1:colcon.colcon_core.environment:checking '/root/install/orb_slam3_ros2_wrapper/lib/pkgconfig/orb_slam3_ros2_wrapper.pc'
[3.435s] Level 1:colcon.colcon_core.environment:checking '/root/install/orb_slam3_ros2_wrapper/lib/python3.10/site-packages'
[3.436s] Level 1:colcon.colcon_core.environment:checking '/root/install/orb_slam3_ros2_wrapper/bin'
[3.436s] INFO:colcon.colcon_core.shell:Creating package script '/root/install/orb_slam3_ros2_wrapper/share/orb_slam3_ros2_wrapper/package.ps1'
[3.437s] INFO:colcon.colcon_core.shell:Creating package descriptor '/root/install/orb_slam3_ros2_wrapper/share/orb_slam3_ros2_wrapper/package.dsv'
[3.440s] INFO:colcon.colcon_core.shell:Creating package script '/root/install/orb_slam3_ros2_wrapper/share/orb_slam3_ros2_wrapper/package.sh'
[3.441s] INFO:colcon.colcon_core.shell:Creating package script '/root/install/orb_slam3_ros2_wrapper/share/orb_slam3_ros2_wrapper/package.bash'
[3.442s] INFO:colcon.colcon_core.shell:Creating package script '/root/install/orb_slam3_ros2_wrapper/share/orb_slam3_ros2_wrapper/package.zsh'
[3.443s] Level 1:colcon.colcon_core.environment:create_file_with_runtime_dependencies(/root/install/orb_slam3_ros2_wrapper/share/colcon-core/packages/orb_slam3_ros2_wrapper)
[3.768s] Level 1:colcon.colcon_core.environment:checking '/root/install/color_pose_corrector' for CMake module files
[3.769s] DEBUG:colcon.colcon_core.event_handler.log_command:Invoked command in '/root/colcon_ws/src/color_pose_corrector' returned '0': PYTHONPATH=/root/build/color_pose_corrector/prefix_override:/usr/lib/python3/dist-packages/colcon_core/task/python/colcon_distutils_commands:/root/install/color_pose_corrector/lib/python3.10/site-packages:${PYTHONPATH} /usr/bin/python3 -W ignore:setup.py install is deprecated -W ignore:easy_install command is deprecated setup.py egg_info --egg-base ../../../build/color_pose_corrector build --build-base /root/build/color_pose_corrector/build install --record /root/build/color_pose_corrector/install.log --single-version-externally-managed install_data
[3.770s] Level 1:colcon.colcon_core.environment:checking '/root/install/color_pose_corrector' for CMake config files
[3.773s] Level 1:colcon.colcon_core.environment:checking '/root/install/color_pose_corrector/lib'
[3.773s] Level 1:colcon.colcon_core.environment:checking '/root/install/color_pose_corrector/bin'
[3.774s] Level 1:colcon.colcon_core.environment:checking '/root/install/color_pose_corrector/lib/pkgconfig/color_pose_corrector.pc'
[3.774s] Level 1:colcon.colcon_core.environment:checking '/root/install/color_pose_corrector/lib/python3.10/site-packages'
[3.774s] Level 1:colcon.colcon_core.shell:create_environment_hook('color_pose_corrector', 'pythonpath')
[3.775s] INFO:colcon.colcon_core.shell:Creating environment hook '/root/install/color_pose_corrector/share/color_pose_corrector/hook/pythonpath.ps1'
[3.775s] INFO:colcon.colcon_core.shell:Creating environment descriptor '/root/install/color_pose_corrector/share/color_pose_corrector/hook/pythonpath.dsv'
[3.776s] INFO:colcon.colcon_core.shell:Creating environment hook '/root/install/color_pose_corrector/share/color_pose_corrector/hook/pythonpath.sh'
[3.777s] Level 1:colcon.colcon_core.environment:checking '/root/install/color_pose_corrector/bin'
[3.778s] Level 1:colcon.colcon_core.environment:create_environment_scripts_only(color_pose_corrector)
[3.778s] INFO:colcon.colcon_core.shell:Creating package script '/root/install/color_pose_corrector/share/color_pose_corrector/package.ps1'
[3.780s] INFO:colcon.colcon_core.shell:Creating package descriptor '/root/install/color_pose_corrector/share/color_pose_corrector/package.dsv'
[3.781s] INFO:colcon.colcon_core.shell:Creating package script '/root/install/color_pose_corrector/share/color_pose_corrector/package.sh'
[3.782s] INFO:colcon.colcon_core.shell:Creating package script '/root/install/color_pose_corrector/share/color_pose_corrector/package.bash'
[3.783s] INFO:colcon.colcon_core.shell:Creating package script '/root/install/color_pose_corrector/share/color_pose_corrector/package.zsh'
[3.784s] Level 1:colcon.colcon_core.environment:create_file_with_runtime_dependencies(/root/install/color_pose_corrector/share/colcon-core/packages/color_pose_corrector)
[3.868s] DEBUG:colcon.colcon_core.event_handler.log_command:Invoking command in '/root/colcon_ws/src/map_merger': AMENT_PREFIX_PATH=/root/install/slam_msgs:${AMENT_PREFIX_PATH} CMAKE_PREFIX_PATH=/root/install/slam_msgs:${CMAKE_PREFIX_PATH} LD_LIBRARY_PATH=/root/install/slam_msgs/lib:${LD_LIBRARY_PATH} PYTHONPATH=/root/build/map_merger/prefix_override:/usr/lib/python3/dist-packages/colcon_core/task/python/colcon_distutils_commands:/root/install/map_merger/lib/python3.10/site-packages:/root/install/slam_msgs/local/lib/python3.10/dist-packages:${PYTHONPATH} /usr/bin/python3 -W ignore:setup.py install is deprecated -W ignore:easy_install command is deprecated setup.py egg_info --egg-base ../../../build/map_merger build --build-base /root/build/map_merger/build install --record /root/build/map_merger/install.log --single-version-externally-managed install_data
[3.869s] DEBUG:colcon.colcon_core.event_handler.log_command:Invoking command in '/root/colcon_ws/src/orb_slam3_planner': AMENT_PREFIX_PATH=/root/install/slam_msgs:${AMENT_PREFIX_PATH} CMAKE_PREFIX_PATH=/root/install/slam_msgs:${CMAKE_PREFIX_PATH} LD_LIBRARY_PATH=/root/install/slam_msgs/lib:${LD_LIBRARY_PATH} PYTHONPATH=/root/build/orb_slam3_planner/prefix_override:/usr/lib/python3/dist-packages/colcon_core/task/python/colcon_distutils_commands:/root/install/orb_slam3_planner/lib/python3.10/site-packages:/root/install/slam_msgs/local/lib/python3.10/dist-packages:${PYTHONPATH} /usr/bin/python3 -W ignore:setup.py install is deprecated -W ignore:easy_install command is deprecated setup.py egg_info --egg-base ../../../build/orb_slam3_planner build --build-base /root/build/orb_slam3_planner/build install --record /root/build/orb_slam3_planner/install.log --single-version-externally-managed install_data
[4.498s] Level 1:colcon.colcon_core.environment:checking '/root/install/orb_slam3_planner' for CMake module files
[4.499s] DEBUG:colcon.colcon_core.event_handler.log_command:Invoked command in '/root/colcon_ws/src/orb_slam3_planner' returned '0': AMENT_PREFIX_PATH=/root/install/slam_msgs:${AMENT_PREFIX_PATH} CMAKE_PREFIX_PATH=/root/install/slam_msgs:${CMAKE_PREFIX_PATH} LD_LIBRARY_PATH=/root/install/slam_msgs/lib:${LD_LIBRARY_PATH} PYTHONPATH=/root/build/orb_slam3_planner/prefix_override:/usr/lib/python3/dist-packages/colcon_core/task/python/colcon_distutils_commands:/root/install/orb_slam3_planner/lib/python3.10/site-packages:/root/install/slam_msgs/local/lib/python3.10/dist-packages:${PYTHONPATH} /usr/bin/python3 -W ignore:setup.py install is deprecated -W ignore:easy_install command is deprecated setup.py egg_info --egg-base ../../../build/orb_slam3_planner build --build-base /root/build/orb_slam3_planner/build install --record /root/build/orb_slam3_planner/install.log --single-version-externally-managed install_data
[4.500s] Level 1:colcon.colcon_core.environment:checking '/root/install/orb_slam3_planner' for CMake config files
[4.503s] Level 1:colcon.colcon_core.environment:checking '/root/install/orb_slam3_planner/lib'
[4.503s] Level 1:colcon.colcon_core.environment:checking '/root/install/orb_slam3_planner/bin'
[4.503s] Level 1:colcon.colcon_core.environment:checking '/root/install/orb_slam3_planner/lib/pkgconfig/orb_slam3_planner.pc'
[4.503s] Level 1:colcon.colcon_core.environment:checking '/root/install/orb_slam3_planner/lib/python3.10/site-packages'
[4.504s] Level 1:colcon.colcon_core.shell:create_environment_hook('orb_slam3_planner', 'pythonpath')
[4.504s] INFO:colcon.colcon_core.shell:Creating environment hook '/root/install/orb_slam3_planner/share/orb_slam3_planner/hook/pythonpath.ps1'
[4.505s] INFO:colcon.colcon_core.shell:Creating environment descriptor '/root/install/orb_slam3_planner/share/orb_slam3_planner/hook/pythonpath.dsv'
[4.506s] INFO:colcon.colcon_core.shell:Creating environment hook '/root/install/orb_slam3_planner/share/orb_slam3_planner/hook/pythonpath.sh'
[4.507s] Level 1:colcon.colcon_core.environment:checking '/root/install/orb_slam3_planner/bin'
[4.507s] Level 1:colcon.colcon_core.environment:create_environment_scripts_only(orb_slam3_planner)
[4.508s] INFO:colcon.colcon_core.shell:Creating package script '/root/install/orb_slam3_planner/share/orb_slam3_planner/package.ps1'
[4.509s] INFO:colcon.colcon_core.shell:Creating package descriptor '/root/install/orb_slam3_planner/share/orb_slam3_planner/package.dsv'
[4.510s] INFO:colcon.colcon_core.shell:Creating package script '/root/install/orb_slam3_planner/share/orb_slam3_planner/package.sh'
[4.511s] INFO:colcon.colcon_core.shell:Creating package script '/root/install/orb_slam3_planner/share/orb_slam3_planner/package.bash'
[4.512s] INFO:colcon.colcon_core.shell:Creating package script '/root/install/orb_slam3_planner/share/orb_slam3_planner/package.zsh'
[4.513s] Level 1:colcon.colcon_core.environment:create_file_with_runtime_dependencies(/root/install/orb_slam3_planner/share/colcon-core/packages/orb_slam3_planner)
[4.517s] Level 1:colcon.colcon_core.environment:checking '/root/install/map_merger' for CMake module files
[4.519s] DEBUG:colcon.colcon_core.event_handler.log_command:Invoked command in '/root/colcon_ws/src/map_merger' returned '0': AMENT_PREFIX_PATH=/root/install/slam_msgs:${AMENT_PREFIX_PATH} CMAKE_PREFIX_PATH=/root/install/slam_msgs:${CMAKE_PREFIX_PATH} LD_LIBRARY_PATH=/root/install/slam_msgs/lib:${LD_LIBRARY_PATH} PYTHONPATH=/root/build/map_merger/prefix_override:/usr/lib/python3/dist-packages/colcon_core/task/python/colcon_distutils_commands:/root/install/map_merger/lib/python3.10/site-packages:/root/install/slam_msgs/local/lib/python3.10/dist-packages:${PYTHONPATH} /usr/bin/python3 -W ignore:setup.py install is deprecated -W ignore:easy_install command is deprecated setup.py egg_info --egg-base ../../../build/map_merger build --build-base /root/build/map_merger/build install --record /root/build/map_merger/install.log --single-version-externally-managed install_data
[4.519s] Level 1:colcon.colcon_core.environment:checking '/root/install/map_merger' for CMake config files
[4.522s] Level 1:colcon.colcon_core.environment:checking '/root/install/map_merger/lib'
[4.523s] Level 1:colcon.colcon_core.environment:checking '/root/install/map_merger/bin'
[4.523s] Level 1:colcon.colcon_core.environment:checking '/root/install/map_merger/lib/pkgconfig/map_merger.pc'
[4.523s] Level 1:colcon.colcon_core.environment:checking '/root/install/map_merger/lib/python3.10/site-packages'
[4.523s] Level 1:colcon.colcon_core.shell:create_environment_hook('map_merger', 'pythonpath')
[4.524s] INFO:colcon.colcon_core.shell:Creating environment hook '/root/install/map_merger/share/map_merger/hook/pythonpath.ps1'
[4.524s] INFO:colcon.colcon_core.shell:Creating environment descriptor '/root/install/map_merger/share/map_merger/hook/pythonpath.dsv'
[4.525s] INFO:colcon.colcon_core.shell:Creating environment hook '/root/install/map_merger/share/map_merger/hook/pythonpath.sh'
[4.527s] Level 1:colcon.colcon_core.environment:checking '/root/install/map_merger/bin'
[4.527s] Level 1:colcon.colcon_core.environment:create_environment_scripts_only(map_merger)
[4.528s] INFO:colcon.colcon_core.shell:Creating package script '/root/install/map_merger/share/map_merger/package.ps1'
[4.530s] INFO:colcon.colcon_core.shell:Creating package descriptor '/root/install/map_merger/share/map_merger/package.dsv'
[4.533s] INFO:colcon.colcon_core.shell:Creating package script '/root/install/map_merger/share/map_merger/package.sh'
[4.534s] INFO:colcon.colcon_core.shell:Creating package script '/root/install/map_merger/share/map_merger/package.bash'
[4.535s] INFO:colcon.colcon_core.shell:Creating package script '/root/install/map_merger/share/map_merger/package.zsh'
[4.536s] Level 1:colcon.colcon_core.environment:create_file_with_runtime_dependencies(/root/install/map_merger/share/colcon-core/packages/map_merger)
[4.536s] DEBUG:colcon.colcon_parallel_executor.executor.parallel:closing loop
[4.537s] DEBUG:colcon.colcon_parallel_executor.executor.parallel:loop closed
[4.537s] DEBUG:colcon.colcon_parallel_executor.executor.parallel:run_until_complete finished with '0'
[4.538s] DEBUG:colcon.colcon_core.event_reactor:joining thread
[4.549s] INFO:colcon.colcon_core.plugin_system:Skipping extension 'colcon_notification.desktop_notification.notify_send': Could not find 'notify-send'
[4.549s] INFO:colcon.colcon_core.plugin_system:Skipping extension 'colcon_notification.desktop_notification.terminal_notifier': Not used on non-Darwin systems
[4.549s] INFO:colcon.colcon_core.plugin_system:Skipping extension 'colcon_notification.desktop_notification.win32': Not used on non-Windows systems
[4.549s] INFO:colcon.colcon_notification.desktop_notification:Sending desktop notification using 'notify2'
[4.552s] DEBUG:colcon.colcon_notification.desktop_notification.notify2:Failed to initialize notify2: org.freedesktop.DBus.Error.Spawn.ExecFailed: /usr/bin/dbus-launch terminated abnormally without any error message
[4.553s] DEBUG:colcon.colcon_core.event_reactor:joined thread
[4.554s] INFO:colcon.colcon_core.shell:Creating prefix script '/root/install/local_setup.ps1'
[4.557s] INFO:colcon.colcon_core.shell:Creating prefix util module '/root/install/_local_setup_util_ps1.py'
[4.560s] INFO:colcon.colcon_core.shell:Creating prefix chain script '/root/install/setup.ps1'
[4.565s] INFO:colcon.colcon_core.shell:Creating prefix script '/root/install/local_setup.sh'
[4.566s] INFO:colcon.colcon_core.shell:Creating prefix util module '/root/install/_local_setup_util_sh.py'
[4.567s] INFO:colcon.colcon_core.shell:Creating prefix chain script '/root/install/setup.sh'
[4.571s] INFO:colcon.colcon_core.shell:Creating prefix script '/root/install/local_setup.bash'
[4.572s] INFO:colcon.colcon_core.shell:Creating prefix chain script '/root/install/setup.bash'
[4.575s] INFO:colcon.colcon_core.shell:Creating prefix script '/root/install/local_setup.zsh'
[4.577s] INFO:colcon.colcon_core.shell:Creating prefix chain script '/root/install/setup.zsh'
