[1.988s] Invoking command in '/root/colcon_ws/src/map_merger': AMENT_PREFIX_PATH=/root/install/slam_msgs:${AMENT_PREFIX_PATH} CMAKE_PREFIX_PATH=/root/install/slam_msgs:${CMAKE_PREFIX_PATH} LD_LIBRARY_PATH=/root/install/slam_msgs/lib:${LD_LIBRARY_PATH} PYTHONPATH=/root/build/map_merger/prefix_override:/usr/lib/python3/dist-packages/colcon_core/task/python/colcon_distutils_commands:/root/install/map_merger/lib/python3.10/site-packages:/root/install/slam_msgs/local/lib/python3.10/dist-packages:${PYTHONPATH} /usr/bin/python3 -W ignore:setup.py install is deprecated -W ignore:easy_install command is deprecated setup.py egg_info --egg-base ../../../build/map_merger build --build-base /root/build/map_merger/build install --record /root/build/map_merger/install.log --single-version-externally-managed install_data
[2.484s] running egg_info
[2.484s] writing ../../../build/map_merger/map_merger.egg-info/PKG-INFO
[2.490s] writing dependency_links to ../../../build/map_merger/map_merger.egg-info/dependency_links.txt
[2.490s] writing entry points to ../../../build/map_merger/map_merger.egg-info/entry_points.txt
[2.490s] writing requirements to ../../../build/map_merger/map_merger.egg-info/requires.txt
[2.491s] writing top-level names to ../../../build/map_merger/map_merger.egg-info/top_level.txt
[2.494s] reading manifest file '../../../build/map_merger/map_merger.egg-info/SOURCES.txt'
[2.496s] writing manifest file '../../../build/map_merger/map_merger.egg-info/SOURCES.txt'
[2.497s] running build
[2.497s] running build_py
[2.500s] running install
[2.501s] running install_lib
[2.504s] running install_data
[2.505s] running install_egg_info
[2.509s] removing '/root/install/map_merger/lib/python3.10/site-packages/map_merger-0.0.0-py3.10.egg-info' (and everything under it)
[2.509s] Copying ../../../build/map_merger/map_merger.egg-info to /root/install/map_merger/lib/python3.10/site-packages/map_merger-0.0.0-py3.10.egg-info
[2.511s] running install_scripts
[2.559s] Installing map_merger_node script to /root/install/map_merger/lib/map_merger
[2.561s] writing list of installed files to '/root/build/map_merger/install.log'
[2.639s] Invoked command in '/root/colcon_ws/src/map_merger' returned '0': AMENT_PREFIX_PATH=/root/install/slam_msgs:${AMENT_PREFIX_PATH} CMAKE_PREFIX_PATH=/root/install/slam_msgs:${CMAKE_PREFIX_PATH} LD_LIBRARY_PATH=/root/install/slam_msgs/lib:${LD_LIBRARY_PATH} PYTHONPATH=/root/build/map_merger/prefix_override:/usr/lib/python3/dist-packages/colcon_core/task/python/colcon_distutils_commands:/root/install/map_merger/lib/python3.10/site-packages:/root/install/slam_msgs/local/lib/python3.10/dist-packages:${PYTHONPATH} /usr/bin/python3 -W ignore:setup.py install is deprecated -W ignore:easy_install command is deprecated setup.py egg_info --egg-base ../../../build/map_merger build --build-base /root/build/map_merger/build install --record /root/build/map_merger/install.log --single-version-externally-managed install_data
