running egg_info
writing ../../../build/map_merger/map_merger.egg-info/PKG-INFO
writing dependency_links to ../../../build/map_merger/map_merger.egg-info/dependency_links.txt
writing entry points to ../../../build/map_merger/map_merger.egg-info/entry_points.txt
writing requirements to ../../../build/map_merger/map_merger.egg-info/requires.txt
writing top-level names to ../../../build/map_merger/map_merger.egg-info/top_level.txt
reading manifest file '../../../build/map_merger/map_merger.egg-info/SOURCES.txt'
writing manifest file '../../../build/map_merger/map_merger.egg-info/SOURCES.txt'
running build
running build_py
running install
running install_lib
byte-compiling /root/install/map_merger/lib/python3.10/site-packages/map_merger/map_merger_node.py to map_merger_node.cpython-310.pyc
byte-compiling /root/install/map_merger/lib/python3.10/site-packages/map_merger/__init__.py to __init__.cpython-310.pyc
byte-compiling /root/install/map_merger/lib/python3.10/site-packages/map_merger/global_map_manager.py to global_map_manager.cpython-310.pyc
running install_data
running install_egg_info
removing '/root/install/map_merger/lib/python3.10/site-packages/map_merger-0.0.0-py3.10.egg-info' (and everything under it)
Copying ../../../build/map_merger/map_merger.egg-info to /root/install/map_merger/lib/python3.10/site-packages/map_merger-0.0.0-py3.10.egg-info
running install_scripts
Installing map_merger_node script to /root/install/map_merger/lib/map_merger
writing list of installed files to '/root/build/map_merger/install.log'
